
pimpleFoam has been superseded and replaced by the more general
incompressibleFluid solver module executed by the foamRun application:

    foamRun -solver incompressibleFluid

/*---------------------------------------------------------------------------*\
  =========                 |
  \\      /  F ield         | OpenFOAM: The Open Source CFD Toolbox
   \\    /   O peration     | Website:  https://openfoam.org
    \\  /    A nd           | Version:  12
     \\/     M anipulation  |
\*---------------------------------------------------------------------------*/
Build  : 12-86e126a7bc4d
Exec   : foamRun -solver incompressibleFluid
Date   : Jun 24 2026
Time   : 16:52:28
Host   : "atharva"
PID    : 15976
I/O    : uncollated
Case   : /home/lenovo/CFD-Portfolio/projects/06_Custom_Transient_Swirling_BC/case/swirlChamber
nProcs : 1
sigFpe : Enabling floating point exception trapping (FOAM_SIGFPE).
fileModificationChecking : Monitoring run-time modified files using timeStampMaster (fileModificationSkew 10)
allowSystemOperations : Allowing user-supplied system call operations

// * * * * * * * * * * * * * * * * * * * * * * * * * * * * * * * * * * * * * //
Create time

Create mesh for time = 0

Selecting solver incompressibleFluid
Selecting viscosity model Newtonian
Selecting turbulence model type laminar
Selecting laminar stress model Stokes
No MRF models present

Courant Number mean: 0.000909091 max: 0.0818182

PIMPLE: No convergence criteria found


PIMPLE: Operating solver in transient mode with 1 outer corrector
PIMPLE: Operating solver in PISO mode



Starting time loop

Courant Number mean: 0.000909091 max: 0.0818182
Time = 0.001s

smoothSolver:  Solving for Ux, Initial residual = 1, Final residual = 6.03831e-13, No Iterations 2
smoothSolver:  Solving for Uy, Initial residual = 0.419044, Final residual = 1.55837e-13, No Iterations 2
smoothSolver:  Solving for Uz, Initial residual = 0.403096, Final residual = 1.4345e-13, No Iterations 2
GAMG:  Solving for p, Initial residual = 1, Final residual = 0.00368125, No Iterations 5
time step continuity errors : sum local = 6.69319e-06, global = 1.49634e-06
GAMG:  Solving for p, Initial residual = 0.012658, Final residual = 2.51165e-08, No Iterations 10
time step continuity errors : sum local = 2.52567e-09, global = -2.56496e-10, cumulative = -2.56496e-10
ExecutionTime = 0.319453 s  ClockTime = 1 s

Courant Number mean: 0.163638 max: 0.163771
Time = 0.002s

smoothSolver:  Solving for Ux, Initial residual = 0.995942, Final residual = 7.98879e-09, No Iterations 2
smoothSolver:  Solving for Uy, Initial residual = 0.325768, Final residual = 2.52666e-09, No Iterations 2
smoothSolver:  Solving for Uz, Initial residual = 0.324125, Final residual = 2.51411e-09, No Iterations 2
GAMG:  Solving for p, Initial residual = 0.0100729, Final residual = 9.91733e-05, No Iterations 4
time step continuity errors : sum local = 8.50124e-06, global = -2.70321e-06
GAMG:  Solving for p, Initial residual = 0.00536735, Final residual = 4.91411e-08, No Iterations 9
time step continuity errors : sum local = 5.60731e-09, global = 1.76272e-09, cumulative = 1.50623e-09
ExecutionTime = 0.420853 s  ClockTime = 1 s

Courant Number mean: 0.163638 max: 0.163833
Time = 0.003s

smoothSolver:  Solving for Ux, Initial residual = 0.988161, Final residual = 7.92839e-09, No Iterations 2
smoothSolver:  Solving for Uy, Initial residual = 0.249221, Final residual = 1.93405e-09, No Iterations 2
smoothSolver:  Solving for Uz, Initial residual = 0.249944, Final residual = 1.95062e-09, No Iterations 2
GAMG:  Solving for p, Initial residual = 0.0044993, Final residual = 1.92369e-05, No Iterations 5
time step continuity errors : sum local = 2.17146e-06, global = 1.37272e-06
GAMG:  Solving for p, Initial residual = 0.00367512, Final residual = 6.72628e-08, No Iterations 9
time step continuity errors : sum local = 6.34665e-09, global = 1.78726e-09, cumulative = 3.29348e-09
ExecutionTime = 0.527369 s  ClockTime = 1 s

Courant Number mean: 0.163639 max: 0.163935
Time = 0.004s

smoothSolver:  Solving for Ux, Initial residual = 0.974007, Final residual = 7.81859e-09, No Iterations 2
smoothSolver:  Solving for Uy, Initial residual = 0.210238, Final residual = 1.65842e-09, No Iterations 2
smoothSolver:  Solving for Uz, Initial residual = 0.21946, Final residual = 1.73742e-09, No Iterations 2
GAMG:  Solving for p, Initial residual = 0.00812661, Final residual = 2.74521e-05, No Iterations 5
time step continuity errors : sum local = 2.60402e-06, global = -1.00828e-06
GAMG:  Solving for p, Initial residual = 0.00823385, Final residual = 8.31346e-08, No Iterations 9
time step continuity errors : sum local = 5.28493e-09, global = -1.76499e-09, cumulative = 1.52849e-09
ExecutionTime = 0.639352 s  ClockTime = 1 s

Courant Number mean: 0.163641 max: 0.164048
Time = 0.005s

smoothSolver:  Solving for Ux, Initial residual = 0.942723, Final residual = 7.57969e-09, No Iterations 2
smoothSolver:  Solving for Uy, Initial residual = 0.170302, Final residual = 1.37525e-09, No Iterations 2
smoothSolver:  Solving for Uz, Initial residual = 0.171445, Final residual = 1.38575e-09, No Iterations 2
GAMG:  Solving for p, Initial residual = 0.0148416, Final residual = 4.48426e-05, No Iterations 5
time step continuity errors : sum local = 2.89971e-06, global = -1.34641e-06
GAMG:  Solving for p, Initial residual = 0.0203952, Final residual = 5.19944e-08, No Iterations 10
time step continuity errors : sum local = 1.67427e-09, global = 4.25515e-10, cumulative = 1.95401e-09
ExecutionTime = 0.748788 s  ClockTime = 1 s

Courant Number mean: 0.163642 max: 0.164166
Time = 0.006s

smoothSolver:  Solving for Ux, Initial residual = 0.880271, Final residual = 7.1069e-09, No Iterations 2
smoothSolver:  Solving for Uy, Initial residual = 0.141718, Final residual = 1.16751e-09, No Iterations 2
smoothSolver:  Solving for Uz, Initial residual = 0.139126, Final residual = 1.14632e-09, No Iterations 2
GAMG:  Solving for p, Initial residual = 0.0257981, Final residual = 7.84957e-05, No Iterations 5
time step continuity errors : sum local = 2.61877e-06, global = -1.11153e-06
GAMG:  Solving for p, Initial residual = 0.164119, Final residual = 9.68547e-08, No Iterations 11
time step continuity errors : sum local = 3.47374e-10, global = -1.38108e-10, cumulative = 1.8159e-09
ExecutionTime = 0.860098 s  ClockTime = 1 s

Courant Number mean: 0.163644 max: 0.16429
Time = 0.007s

smoothSolver:  Solving for Ux, Initial residual = 0.481031, Final residual = 3.84438e-09, No Iterations 2
smoothSolver:  Solving for Uy, Initial residual = 0.119897, Final residual = 1.00243e-09, No Iterations 2
smoothSolver:  Solving for Uz, Initial residual = 0.121712, Final residual = 1.01826e-09, No Iterations 2
GAMG:  Solving for p, Initial residual = 0.143295, Final residual = 0.00130251, No Iterations 4
time step continuity errors : sum local = 5.81649e-06, global = 2.01105e-06
GAMG:  Solving for p, Initial residual = 0.0245001, Final residual = 4.86145e-08, No Iterations 10
time step continuity errors : sum local = 8.83522e-10, global = 2.11387e-10, cumulative = 2.02729e-09
ExecutionTime = 0.976065 s  ClockTime = 1 s

Courant Number mean: 0.163645 max: 0.16441
Time = 0.008s

smoothSolver:  Solving for Ux, Initial residual = 0.875567, Final residual = 6.96626e-09, No Iterations 2
smoothSolver:  Solving for Uy, Initial residual = 0.101532, Final residual = 8.63333e-10, No Iterations 2
smoothSolver:  Solving for Uz, Initial residual = 0.105957, Final residual = 9.0107e-10, No Iterations 2
GAMG:  Solving for p, Initial residual = 0.0227282, Final residual = 0.000142937, No Iterations 4
time step continuity errors : sum local = 2.52018e-06, global = 6.6616e-07
GAMG:  Solving for p, Initial residual = 0.010093, Final residual = 4.01559e-08, No Iterations 9
time step continuity errors : sum local = 1.10035e-09, global = 9.68567e-12, cumulative = 2.03697e-09
ExecutionTime = 1.09373 s  ClockTime = 1 s

Courant Number mean: 0.163647 max: 0.164564
Time = 0.009s

smoothSolver:  Solving for Ux, Initial residual = 0.921709, Final residual = 7.40403e-09, No Iterations 2
smoothSolver:  Solving for Uy, Initial residual = 0.0856992, Final residual = 7.45605e-10, No Iterations 2
smoothSolver:  Solving for Uz, Initial residual = 0.0899175, Final residual = 7.81496e-10, No Iterations 2
GAMG:  Solving for p, Initial residual = 0.014281, Final residual = 8.21685e-05, No Iterations 3
time step continuity errors : sum local = 2.23192e-06, global = 8.0375e-07
GAMG:  Solving for p, Initial residual = 0.00977554, Final residual = 6.20653e-08, No Iterations 8
time step continuity errors : sum local = 1.72146e-09, global = -7.10788e-10, cumulative = 1.32619e-09
ExecutionTime = 1.19902 s  ClockTime = 1 s

Courant Number mean: 0.163649 max: 0.16473
Time = 0.01s

smoothSolver:  Solving for Ux, Initial residual = 0.929444, Final residual = 7.49398e-09, No Iterations 2
smoothSolver:  Solving for Uy, Initial residual = 0.0716547, Final residual = 6.40474e-10, No Iterations 2
smoothSolver:  Solving for Uz, Initial residual = 0.0745981, Final residual = 6.65502e-10, No Iterations 2
GAMG:  Solving for p, Initial residual = 0.0151774, Final residual = 3.81129e-05, No Iterations 5
time step continuity errors : sum local = 1.05844e-06, global = 6.73362e-07
GAMG:  Solving for p, Initial residual = 0.0127309, Final residual = 2.91629e-08, No Iterations 10
time step continuity errors : sum local = 6.69688e-10, global = -1.67696e-10, cumulative = 1.15849e-09
ExecutionTime = 1.32283 s  ClockTime = 2 s

Courant Number mean: 0.16365 max: 0.164893
Time = 0.011s

smoothSolver:  Solving for Ux, Initial residual = 0.923272, Final residual = 7.47269e-09, No Iterations 2
smoothSolver:  Solving for Uy, Initial residual = 0.0592396, Final residual = 5.41361e-10, No Iterations 2
smoothSolver:  Solving for Uz, Initial residual = 0.0602951, Final residual = 5.50142e-10, No Iterations 2
GAMG:  Solving for p, Initial residual = 0.0166424, Final residual = 4.98193e-05, No Iterations 5
time step continuity errors : sum local = 1.15139e-06, global = 7.3501e-07
GAMG:  Solving for p, Initial residual = 0.0164561, Final residual = 4.65536e-08, No Iterations 10
time step continuity errors : sum local = 7.58026e-10, global = -1.99346e-10, cumulative = 9.59145e-10
ExecutionTime = 1.44045 s  ClockTime = 2 s

Courant Number mean: 0.163651 max: 0.165047
Time = 0.012s

smoothSolver:  Solving for Ux, Initial residual = 0.882959, Final residual = 7.18302e-09, No Iterations 2
smoothSolver:  Solving for Uy, Initial residual = 0.0498927, Final residual = 4.59924e-10, No Iterations 2
smoothSolver:  Solving for Uz, Initial residual = 0.0498672, Final residual = 4.59499e-10, No Iterations 2
GAMG:  Solving for p, Initial residual = 0.0205559, Final residual = 6.09869e-05, No Iterations 5
time step continuity errors : sum local = 1.00459e-06, global = 6.10828e-07
GAMG:  Solving for p, Initial residual = 0.024554, Final residual = 6.78796e-08, No Iterations 10
time step continuity errors : sum local = 6.51324e-10, global = -1.61238e-10, cumulative = 7.97907e-10
ExecutionTime = 1.55624 s  ClockTime = 2 s

Courant Number mean: 0.163652 max: 0.16519
Time = 0.013s

smoothSolver:  Solving for Ux, Initial residual = 0.808125, Final residual = 6.63236e-09, No Iterations 2
smoothSolver:  Solving for Uy, Initial residual = 0.0424097, Final residual = 3.93748e-10, No Iterations 2
smoothSolver:  Solving for Uz, Initial residual = 0.0432865, Final residual = 4.00864e-10, No Iterations 2
GAMG:  Solving for p, Initial residual = 0.0283385, Final residual = 0.000262005, No Iterations 4
time step continuity errors : sum local = 2.56245e-06, global = -8.87534e-07
GAMG:  Solving for p, Initial residual = 0.0522188, Final residual = 3.05084e-08, No Iterations 11
time step continuity errors : sum local = 1.12516e-10, global = 6.31181e-11, cumulative = 8.61025e-10
ExecutionTime = 1.67406 s  ClockTime = 2 s

Courant Number mean: 0.163654 max: 0.165321
Time = 0.014s

smoothSolver:  Solving for Ux, Initial residual = 0.640536, Final residual = 5.15395e-09, No Iterations 2
smoothSolver:  Solving for Uy, Initial residual = 0.0370866, Final residual = 3.40924e-10, No Iterations 2
smoothSolver:  Solving for Uz, Initial residual = 0.0387471, Final residual = 3.54684e-10, No Iterations 2
GAMG:  Solving for p, Initial residual = 0.0525749, Final residual = 0.000356953, No Iterations 4
time step continuity errors : sum local = 1.35938e-06, global = -5.25803e-07
GAMG:  Solving for p, Initial residual = 0.10087, Final residual = 3.23831e-08, No Iterations 11
time step continuity errors : sum local = 4.44586e-11, global = 1.10902e-11, cumulative = 8.72115e-10
ExecutionTime = 1.79064 s  ClockTime = 2 s

Courant Number mean: 0.163655 max: 0.165445
Time = 0.015s

smoothSolver:  Solving for Ux, Initial residual = 0.34051, Final residual = 2.53349e-09, No Iterations 2
smoothSolver:  Solving for Uy, Initial residual = 0.0332284, Final residual = 3.00175e-10, No Iterations 2
smoothSolver:  Solving for Uz, Initial residual = 0.0349497, Final residual = 3.14516e-10, No Iterations 2
GAMG:  Solving for p, Initial residual = 0.116831, Final residual = 0.00037267, No Iterations 5
time step continuity errors : sum local = 4.83851e-07, global = -2.32577e-07
GAMG:  Solving for p, Initial residual = 0.0244826, Final residual = 7.08299e-08, No Iterations 10
time step continuity errors : sum local = 3.00655e-10, global = 1.15504e-10, cumulative = 9.8762e-10
ExecutionTime = 1.90196 s  ClockTime = 2 s

Courant Number mean: 0.163656 max: 0.165563
Time = 0.016s

smoothSolver:  Solving for Ux, Initial residual = 0.71933, Final residual = 5.70619e-09, No Iterations 2
smoothSolver:  Solving for Uy, Initial residual = 0.0301363, Final residual = 2.71509e-10, No Iterations 2
smoothSolver:  Solving for Uz, Initial residual = 0.0313052, Final residual = 2.81346e-10, No Iterations 2
GAMG:  Solving for p, Initial residual = 0.0401996, Final residual = 0.000176142, No Iterations 5
time step continuity errors : sum local = 7.40085e-07, global = -2.82369e-07
GAMG:  Solving for p, Initial residual = 0.0212729, Final residual = 6.12645e-08, No Iterations 10
time step continuity errors : sum local = 3.39326e-10, global = 1.7488e-10, cumulative = 1.1625e-09
ExecutionTime = 2.00909 s  ClockTime = 2 s

Courant Number mean: 0.163657 max: 0.165677
Time = 0.017s

smoothSolver:  Solving for Ux, Initial residual = 0.776183, Final residual = 6.26711e-09, No Iterations 2
smoothSolver:  Solving for Uy, Initial residual = 0.0280671, Final residual = 2.54929e-10, No Iterations 2
smoothSolver:  Solving for Uz, Initial residual = 0.0286127, Final residual = 2.59509e-10, No Iterations 2
GAMG:  Solving for p, Initial residual = 0.0315828, Final residual = 0.000123021, No Iterations 3
time step continuity errors : sum local = 6.79978e-07, global = -1.58509e-07
GAMG:  Solving for p, Initial residual = 0.0216112, Final residual = 5.0998e-08, No Iterations 8
time step continuity errors : sum local = 2.86628e-10, global = -3.10535e-11, cumulative = 1.13145e-09
ExecutionTime = 2.10514 s  ClockTime = 2 s

Courant Number mean: 0.163658 max: 0.165787
Time = 0.018s

smoothSolver:  Solving for Ux, Initial residual = 0.780406, Final residual = 6.36002e-09, No Iterations 2
smoothSolver:  Solving for Uy, Initial residual = 0.0268431, Final residual = 2.46585e-10, No Iterations 2
smoothSolver:  Solving for Uz, Initial residual = 0.0268729, Final residual = 2.46768e-10, No Iterations 2
GAMG:  Solving for p, Initial residual = 0.027371, Final residual = 0.000130967, No Iterations 5
time step continuity errors : sum local = 7.37377e-07, global = -4.21389e-07
GAMG:  Solving for p, Initial residual = 0.0218836, Final residual = 8.33262e-08, No Iterations 10
time step continuity errors : sum local = 4.07893e-10, global = 8.30863e-11, cumulative = 1.21453e-09
ExecutionTime = 2.24936 s  ClockTime = 2 s

Courant Number mean: 0.16366 max: 0.165894
Time = 0.019s

smoothSolver:  Solving for Ux, Initial residual = 0.751887, Final residual = 6.17962e-09, No Iterations 2
smoothSolver:  Solving for Uy, Initial residual = 0.0262527, Final residual = 2.44632e-10, No Iterations 2
smoothSolver:  Solving for Uz, Initial residual = 0.0264351, Final residual = 2.46116e-10, No Iterations 2
GAMG:  Solving for p, Initial residual = 0.0241034, Final residual = 8.17457e-05, No Iterations 5
time step continuity errors : sum local = 4.01335e-07, global = -2.44992e-07
GAMG:  Solving for p, Initial residual = 0.0221068, Final residual = 6.48069e-08, No Iterations 10
time step continuity errors : sum local = 2.42458e-10, global = 5.34415e-11, cumulative = 1.26797e-09
ExecutionTime = 2.39821 s  ClockTime = 3 s

Courant Number mean: 0.163661 max: 0.165997
Time = 0.02s

smoothSolver:  Solving for Ux, Initial residual = 0.674302, Final residual = 5.59173e-09, No Iterations 2
smoothSolver:  Solving for Uy, Initial residual = 0.0259938, Final residual = 2.46645e-10, No Iterations 2
smoothSolver:  Solving for Uz, Initial residual = 0.0264202, Final residual = 2.50244e-10, No Iterations 2
GAMG:  Solving for p, Initial residual = 0.0229747, Final residual = 5.98725e-05, No Iterations 5
time step continuity errors : sum local = 2.24952e-07, global = -1.39281e-07
GAMG:  Solving for p, Initial residual = 0.0242444, Final residual = 5.86269e-08, No Iterations 10
time step continuity errors : sum local = 1.45414e-10, global = 3.87339e-11, cumulative = 1.30671e-09
ExecutionTime = 2.59211 s  ClockTime = 3 s

Courant Number mean: 0.163662 max: 0.166097
Time = 0.021s

smoothSolver:  Solving for Ux, Initial residual = 0.519493, Final residual = 4.28585e-09, No Iterations 2
smoothSolver:  Solving for Uy, Initial residual = 0.0256376, Final residual = 2.48469e-10, No Iterations 2
smoothSolver:  Solving for Uz, Initial residual = 0.0260881, Final residual = 2.52285e-10, No Iterations 2
GAMG:  Solving for p, Initial residual = 0.0266964, Final residual = 0.000153327, No Iterations 4
time step continuity errors : sum local = 3.83105e-07, global = 1.49503e-07
GAMG:  Solving for p, Initial residual = 0.03498, Final residual = 5.1578e-08, No Iterations 10
time step continuity errors : sum local = 6.8165e-11, global = 1.81233e-11, cumulative = 1.32483e-09
ExecutionTime = 2.75744 s  ClockTime = 3 s

Courant Number mean: 0.163664 max: 0.166193
Time = 0.022s

smoothSolver:  Solving for Ux, Initial residual = 0.324275, Final residual = 2.65256e-09, No Iterations 2
smoothSolver:  Solving for Uy, Initial residual = 0.0252488, Final residual = 2.48568e-10, No Iterations 2
smoothSolver:  Solving for Uz, Initial residual = 0.0256027, Final residual = 2.51569e-10, No Iterations 2
GAMG:  Solving for p, Initial residual = 0.0355782, Final residual = 0.000316592, No Iterations 4
time step continuity errors : sum local = 4.21662e-07, global = -1.8204e-07
GAMG:  Solving for p, Initial residual = 0.0882509, Final residual = 4.46274e-08, No Iterations 11
time step continuity errors : sum local = 1.64521e-11, global = 2.90782e-12, cumulative = 1.32774e-09
ExecutionTime = 2.91197 s  ClockTime = 3 s

Courant Number mean: 0.163665 max: 0.166285
Time = 0.023s

smoothSolver:  Solving for Ux, Initial residual = 0.105122, Final residual = 8.28227e-10, No Iterations 2
smoothSolver:  Solving for Uy, Initial residual = 0.0246545, Final residual = 2.45476e-10, No Iterations 2
smoothSolver:  Solving for Uz, Initial residual = 0.0248485, Final residual = 2.47141e-10, No Iterations 2
GAMG:  Solving for p, Initial residual = 0.146218, Final residual = 0.000832337, No Iterations 5
time step continuity errors : sum local = 3.18034e-07, global = 1.80164e-07
GAMG:  Solving for p, Initial residual = 0.0913051, Final residual = 2.47639e-08, No Iterations 12
time step continuity errors : sum local = 1.04267e-11, global = -5.66793e-12, cumulative = 1.32207e-09
ExecutionTime = 3.07312 s  ClockTime = 3 s

Courant Number mean: 0.163666 max: 0.166373
Time = 0.024s

smoothSolver:  Solving for Ux, Initial residual = 0.125228, Final residual = 9.31378e-10, No Iterations 2
smoothSolver:  Solving for Uy, Initial residual = 0.0238114, Final residual = 2.39229e-10, No Iterations 2
smoothSolver:  Solving for Uz, Initial residual = 0.0238758, Final residual = 2.39799e-10, No Iterations 2
GAMG:  Solving for p, Initial residual = 0.132577, Final residual = 0.000440165, No Iterations 5
time step continuity errors : sum local = 1.83875e-07, global = 7.08494e-08
GAMG:  Solving for p, Initial residual = 0.0470943, Final residual = 2.92265e-08, No Iterations 11
time step continuity errors : sum local = 2.3766e-11, global = 5.6297e-12, cumulative = 1.3277e-09
ExecutionTime = 3.21083 s  ClockTime = 3 s

Courant Number mean: 0.163667 max: 0.166456
Time = 0.025s

smoothSolver:  Solving for Ux, Initial residual = 0.25897, Final residual = 2.04965e-09, No Iterations 2
smoothSolver:  Solving for Uy, Initial residual = 0.0227008, Final residual = 2.30276e-10, No Iterations 2
smoothSolver:  Solving for Uz, Initial residual = 0.0227188, Final residual = 2.30449e-10, No Iterations 2
GAMG:  Solving for p, Initial residual = 0.063169, Final residual = 0.000226178, No Iterations 4
time step continuity errors : sum local = 1.82729e-07, global = -6.18479e-08
GAMG:  Solving for p, Initial residual = 0.036617, Final residual = 9.53785e-08, No Iterations 9
time step continuity errors : sum local = 9.23747e-11, global = 2.07121e-11, cumulative = 1.34841e-09
ExecutionTime = 3.31971 s  ClockTime = 4 s

Courant Number mean: 0.163669 max: 0.166543
Time = 0.026s

smoothSolver:  Solving for Ux, Initial residual = 0.322971, Final residual = 2.61516e-09, No Iterations 2
smoothSolver:  Solving for Uy, Initial residual = 0.0214779, Final residual = 2.19961e-10, No Iterations 2
smoothSolver:  Solving for Uz, Initial residual = 0.0215108, Final residual = 2.20254e-10, No Iterations 2
GAMG:  Solving for p, Initial residual = 0.0441075, Final residual = 0.000185712, No Iterations 3
time step continuity errors : sum local = 1.79017e-07, global = 5.40303e-08
GAMG:  Solving for p, Initial residual = 0.0312348, Final residual = 8.03732e-08, No Iterations 8
time step continuity errors : sum local = 7.60013e-11, global = -6.87069e-12, cumulative = 1.34154e-09
ExecutionTime = 3.4226 s  ClockTime = 4 s

Courant Number mean: 0.16367 max: 0.166675
Time = 0.027s

smoothSolver:  Solving for Ux, Initial residual = 0.318643, Final residual = 2.61062e-09, No Iterations 2
smoothSolver:  Solving for Uy, Initial residual = 0.0203734, Final residual = 2.09946e-10, No Iterations 2
smoothSolver:  Solving for Uz, Initial residual = 0.0204184, Final residual = 2.10339e-10, No Iterations 2
GAMG:  Solving for p, Initial residual = 0.0328329, Final residual = 0.000134574, No Iterations 5
time step continuity errors : sum local = 1.26705e-07, global = 7.3494e-08
GAMG:  Solving for p, Initial residual = 0.0267708, Final residual = 8.53129e-08, No Iterations 10
time step continuity errors : sum local = 6.84199e-11, global = -1.33432e-11, cumulative = 1.3282e-09
ExecutionTime = 3.54063 s  ClockTime = 4 s

Courant Number mean: 0.163671 max: 0.166804
Time = 0.028s

smoothSolver:  Solving for Ux, Initial residual = 0.267098, Final residual = 2.18309e-09, No Iterations 2
smoothSolver:  Solving for Uy, Initial residual = 0.0193682, Final residual = 2.00944e-10, No Iterations 2
smoothSolver:  Solving for Uz, Initial residual = 0.0194059, Final residual = 2.01259e-10, No Iterations 2
GAMG:  Solving for p, Initial residual = 0.0246336, Final residual = 0.000223503, No Iterations 4
time step continuity errors : sum local = 1.78798e-07, global = -5.76386e-08
GAMG:  Solving for p, Initial residual = 0.0230633, Final residual = 4.24417e-08, No Iterations 10
time step continuity errors : sum local = 2.54122e-11, global = -5.40938e-12, cumulative = 1.32279e-09
ExecutionTime = 3.65111 s  ClockTime = 4 s

Courant Number mean: 0.163672 max: 0.166929
Time = 0.029s

smoothSolver:  Solving for Ux, Initial residual = 0.194735, Final residual = 1.57801e-09, No Iterations 2
smoothSolver:  Solving for Uy, Initial residual = 0.0184924, Final residual = 1.92772e-10, No Iterations 2
smoothSolver:  Solving for Uz, Initial residual = 0.0185185, Final residual = 1.92982e-10, No Iterations 2
GAMG:  Solving for p, Initial residual = 0.0233626, Final residual = 0.000124784, No Iterations 4
time step continuity errors : sum local = 7.44872e-08, global = -2.63945e-08
GAMG:  Solving for p, Initial residual = 0.0254469, Final residual = 2.87703e-08, No Iterations 10
time step continuity errors : sum local = 1.09397e-11, global = -2.58341e-12, cumulative = 1.32021e-09
ExecutionTime = 3.76412 s  ClockTime = 4 s

Courant Number mean: 0.163674 max: 0.167051
Time = 0.03s

smoothSolver:  Solving for Ux, Initial residual = 0.120957, Final residual = 9.66278e-10, No Iterations 2
smoothSolver:  Solving for Uy, Initial residual = 0.0177188, Final residual = 1.85113e-10, No Iterations 2
smoothSolver:  Solving for Uz, Initial residual = 0.0177333, Final residual = 1.85223e-10, No Iterations 2
GAMG:  Solving for p, Initial residual = 0.0362413, Final residual = 0.000145451, No Iterations 5
time step continuity errors : sum local = 5.53063e-08, global = -2.99598e-08
GAMG:  Solving for p, Initial residual = 0.0521207, Final residual = 4.7279e-08, No Iterations 11
time step continuity errors : sum local = 8.58552e-12, global = -1.5874e-12, cumulative = 1.31862e-09
ExecutionTime = 3.88569 s  ClockTime = 4 s

Courant Number mean: 0.163675 max: 0.167168
Time = 0.031s

smoothSolver:  Solving for Ux, Initial residual = 0.0602605, Final residual = 4.65598e-10, No Iterations 2
smoothSolver:  Solving for Uy, Initial residual = 0.0170196, Final residual = 1.78265e-10, No Iterations 2
smoothSolver:  Solving for Uz, Initial residual = 0.0170236, Final residual = 1.78286e-10, No Iterations 2
GAMG:  Solving for p, Initial residual = 0.0857604, Final residual = 0.000470259, No Iterations 5
time step continuity errors : sum local = 8.59152e-08, global = -4.31902e-08
GAMG:  Solving for p, Initial residual = 0.48512, Final residual = 3.36684e-08, No Iterations 13
time step continuity errors : sum local = 7.48884e-13, global = -2.00447e-13, cumulative = 1.31842e-09
ExecutionTime = 4.00361 s  ClockTime = 4 s

Courant Number mean: 0.163676 max: 0.167283
Time = 0.032s

smoothSolver:  Solving for Ux, Initial residual = 0.0165014, Final residual = 1.03354e-10, No Iterations 2
smoothSolver:  Solving for Uy, Initial residual = 0.0164003, Final residual = 1.72438e-10, No Iterations 2
smoothSolver:  Solving for Uz, Initial residual = 0.0163985, Final residual = 1.7241e-10, No Iterations 2
GAMG:  Solving for p, Initial residual = 0.633368, Final residual = 0.00229019, No Iterations 5
time step continuity errors : sum local = 5.41455e-08, global = -2.13214e-08
GAMG:  Solving for p, Initial residual = 0.0844597, Final residual = 5.8639e-08, No Iterations 11
time step continuity errors : sum local = 7.17152e-12, global = -1.63356e-12, cumulative = 1.31678e-09
ExecutionTime = 4.1192 s  ClockTime = 4 s

Courant Number mean: 0.163677 max: 0.167394
Time = 0.033s

smoothSolver:  Solving for Ux, Initial residual = 0.0263087, Final residual = 1.79281e-10, No Iterations 2
smoothSolver:  Solving for Uy, Initial residual = 0.0159251, Final residual = 1.67707e-10, No Iterations 2
smoothSolver:  Solving for Uz, Initial residual = 0.0159223, Final residual = 1.67674e-10, No Iterations 2
GAMG:  Solving for p, Initial residual = 0.10583, Final residual = 0.000802914, No Iterations 4
time step continuity errors : sum local = 9.65801e-08, global = 5.22893e-08
GAMG:  Solving for p, Initial residual = 0.047398, Final residual = 6.0079e-08, No Iterations 10
time step continuity errors : sum local = 1.12215e-11, global = 6.87116e-12, cumulative = 1.32366e-09
ExecutionTime = 4.23283 s  ClockTime = 4 s

Courant Number mean: 0.163679 max: 0.167501
Time = 0.034s

smoothSolver:  Solving for Ux, Initial residual = 0.0348843, Final residual = 2.80474e-10, No Iterations 2
smoothSolver:  Solving for Uy, Initial residual = 0.0155251, Final residual = 1.64253e-10, No Iterations 2
smoothSolver:  Solving for Uz, Initial residual = 0.0155226, Final residual = 1.64229e-10, No Iterations 2
GAMG:  Solving for p, Initial residual = 0.0546486, Final residual = 0.000182169, No Iterations 4
time step continuity errors : sum local = 3.36416e-08, global = 1.17257e-08
GAMG:  Solving for p, Initial residual = 0.0328968, Final residual = 7.39529e-08, No Iterations 9
time step continuity errors : sum local = 1.57265e-11, global = -3.94271e-12, cumulative = 1.31971e-09
ExecutionTime = 4.3445 s  ClockTime = 5 s

Courant Number mean: 0.16368 max: 0.167604
Time = 0.035s

smoothSolver:  Solving for Ux, Initial residual = 0.0380325, Final residual = 3.2418e-10, No Iterations 2
smoothSolver:  Solving for Uy, Initial residual = 0.0151985, Final residual = 1.61505e-10, No Iterations 2
smoothSolver:  Solving for Uz, Initial residual = 0.0151979, Final residual = 1.61499e-10, No Iterations 2
GAMG:  Solving for p, Initial residual = 0.0351395, Final residual = 0.00011199, No Iterations 3
time step continuity errors : sum local = 2.36141e-08, global = -2.84119e-09
GAMG:  Solving for p, Initial residual = 0.0245988, Final residual = 7.22871e-08, No Iterations 8
time step continuity errors : sum local = 1.50716e-11, global = 3.44948e-12, cumulative = 1.32316e-09
ExecutionTime = 4.45007 s  ClockTime = 5 s

Courant Number mean: 0.163681 max: 0.167704
Time = 0.036s

smoothSolver:  Solving for Ux, Initial residual = 0.0372411, Final residual = 3.17076e-10, No Iterations 2
smoothSolver:  Solving for Uy, Initial residual = 0.0149055, Final residual = 1.59095e-10, No Iterations 2
smoothSolver:  Solving for Uz, Initial residual = 0.0149062, Final residual = 1.591e-10, No Iterations 2
GAMG:  Solving for p, Initial residual = 0.022862, Final residual = 0.000164278, No Iterations 4
time step continuity errors : sum local = 3.40004e-08, global = 1.16847e-08
GAMG:  Solving for p, Initial residual = 0.0177786, Final residual = 9.44961e-08, No Iterations 9
time step continuity errors : sum local = 1.74361e-11, global = -8.67746e-12, cumulative = 1.31448e-09
ExecutionTime = 4.5579 s  ClockTime = 5 s

Courant Number mean: 0.163682 max: 0.1678
Time = 0.037s

smoothSolver:  Solving for Ux, Initial residual = 0.0334432, Final residual = 2.76038e-10, No Iterations 2
smoothSolver:  Solving for Uy, Initial residual = 0.0146088, Final residual = 1.56613e-10, No Iterations 2
smoothSolver:  Solving for Uz, Initial residual = 0.0146088, Final residual = 1.56614e-10, No Iterations 2
GAMG:  Solving for p, Initial residual = 0.016654, Final residual = 9.83427e-05, No Iterations 4
time step continuity errors : sum local = 1.80342e-08, global = 3.92438e-09
GAMG:  Solving for p, Initial residual = 0.0140449, Final residual = 4.98748e-08, No Iterations 9
time step continuity errors : sum local = 7.48428e-12, global = 9.1344e-13, cumulative = 1.3154e-09
ExecutionTime = 4.69083 s  ClockTime = 5 s

Courant Number mean: 0.163684 max: 0.167892
Time = 0.038s

smoothSolver:  Solving for Ux, Initial residual = 0.0281519, Final residual = 2.18647e-10, No Iterations 2
smoothSolver:  Solving for Uy, Initial residual = 0.0143042, Final residual = 1.53921e-10, No Iterations 2
smoothSolver:  Solving for Uz, Initial residual = 0.0143046, Final residual = 1.53925e-10, No Iterations 2
GAMG:  Solving for p, Initial residual = 0.0222317, Final residual = 0.000102689, No Iterations 5
time step continuity errors : sum local = 1.53653e-08, global = 8.09039e-09
GAMG:  Solving for p, Initial residual = 0.0202668, Final residual = 7.98307e-08, No Iterations 10
time step continuity errors : sum local = 9.04107e-12, global = -4.54021e-12, cumulative = 1.31086e-09
ExecutionTime = 4.80837 s  ClockTime = 5 s

Courant Number mean: 0.163685 max: 0.16798
Time = 0.039s

smoothSolver:  Solving for Ux, Initial residual = 0.0225352, Final residual = 1.6116e-10, No Iterations 2
smoothSolver:  Solving for Uy, Initial residual = 0.0139855, Final residual = 1.51021e-10, No Iterations 2
smoothSolver:  Solving for Uz, Initial residual = 0.013987, Final residual = 1.51036e-10, No Iterations 2
GAMG:  Solving for p, Initial residual = 0.0317242, Final residual = 0.000157346, No Iterations 5
time step continuity errors : sum local = 1.78205e-08, global = 8.07852e-09
GAMG:  Solving for p, Initial residual = 0.0311919, Final residual = 2.92382e-08, No Iterations 11
time step continuity errors : sum local = 2.32163e-12, global = 4.08181e-13, cumulative = 1.31127e-09
ExecutionTime = 4.92315 s  ClockTime = 5 s

Courant Number mean: 0.163686 max: 0.168064
Time = 0.04s

smoothSolver:  Solving for Ux, Initial residual = 0.0174033, Final residual = 1.13462e-10, No Iterations 2
smoothSolver:  Solving for Uy, Initial residual = 0.0136526, Final residual = 1.47979e-10, No Iterations 2
smoothSolver:  Solving for Uz, Initial residual = 0.0136547, Final residual = 1.47999e-10, No Iterations 2
GAMG:  Solving for p, Initial residual = 0.0428532, Final residual = 0.000175526, No Iterations 5
time step continuity errors : sum local = 1.40257e-08, global = 5.5863e-09
GAMG:  Solving for p, Initial residual = 0.0452066, Final residual = 3.42716e-08, No Iterations 11
time step continuity errors : sum local = 1.78713e-12, global = 3.55158e-13, cumulative = 1.31162e-09
ExecutionTime = 5.11369 s  ClockTime = 5 s

Courant Number mean: 0.163687 max: 0.168151
Time = 0.041s

smoothSolver:  Solving for Ux, Initial residual = 0.0132365, Final residual = 8.04943e-11, No Iterations 2
smoothSolver:  Solving for Uy, Initial residual = 0.0133126, Final residual = 1.44856e-10, No Iterations 2
smoothSolver:  Solving for Uz, Initial residual = 0.0133148, Final residual = 1.44876e-10, No Iterations 2
GAMG:  Solving for p, Initial residual = 0.0554484, Final residual = 0.000173319, No Iterations 5
time step continuity errors : sum local = 9.11822e-09, global = 3.40509e-09
GAMG:  Solving for p, Initial residual = 0.0618749, Final residual = 3.76606e-08, No Iterations 11
time step continuity errors : sum local = 1.22313e-12, global = 2.82162e-13, cumulative = 1.3119e-09
ExecutionTime = 5.22615 s  ClockTime = 5 s

Courant Number mean: 0.163688 max: 0.168285
Time = 0.042s

smoothSolver:  Solving for Ux, Initial residual = 0.0103396, Final residual = 5.93753e-11, No Iterations 2
smoothSolver:  Solving for Uy, Initial residual = 0.0129714, Final residual = 1.41716e-10, No Iterations 2
smoothSolver:  Solving for Uz, Initial residual = 0.0129733, Final residual = 1.41735e-10, No Iterations 2
GAMG:  Solving for p, Initial residual = 0.0695793, Final residual = 0.000623534, No Iterations 4
time step continuity errors : sum local = 2.04763e-08, global = -1.17432e-08
GAMG:  Solving for p, Initial residual = 0.0772895, Final residual = 3.2224e-08, No Iterations 11
time step continuity errors : sum local = 6.61778e-13, global = 1.65033e-13, cumulative = 1.31207e-09
ExecutionTime = 5.33394 s  ClockTime = 6 s

Courant Number mean: 0.16369 max: 0.168415
Time = 0.043s

smoothSolver:  Solving for Ux, Initial residual = 0.00859769, Final residual = 4.80649e-11, No Iterations 2
smoothSolver:  Solving for Uy, Initial residual = 0.0126501, Final residual = 1.38621e-10, No Iterations 2
smoothSolver:  Solving for Uz, Initial residual = 0.0126521, Final residual = 1.38639e-10, No Iterations 2
GAMG:  Solving for p, Initial residual = 0.0801377, Final residual = 0.000390033, No Iterations 4
time step continuity errors : sum local = 8.1236e-09, global = -4.22906e-09
GAMG:  Solving for p, Initial residual = 0.0750723, Final residual = 5.93089e-08, No Iterations 10
time step continuity errors : sum local = 9.11723e-13, global = -5.05401e-13, cumulative = 1.31156e-09
ExecutionTime = 5.43848 s  ClockTime = 6 s

Courant Number mean: 0.163691 max: 0.168542
Time = 0.044s

smoothSolver:  Solving for Ux, Initial residual = 0.00778501, Final residual = 4.31134e-11, No Iterations 2
smoothSolver:  Solving for Uy, Initial residual = 0.012354, Final residual = 1.35617e-10, No Iterations 2
smoothSolver:  Solving for Uz, Initial residual = 0.0123553, Final residual = 1.35631e-10, No Iterations 2
GAMG:  Solving for p, Initial residual = 0.0735927, Final residual = 0.000458653, No Iterations 3
time step continuity errors : sum local = 7.11994e-09, global = 2.34213e-09
GAMG:  Solving for p, Initial residual = 0.05134, Final residual = 3.25704e-08, No Iterations 10
time step continuity errors : sum local = 4.99932e-13, global = -2.239e-13, cumulative = 1.31134e-09
ExecutionTime = 5.54103 s  ClockTime = 6 s

Courant Number mean: 0.163692 max: 0.168666
Time = 0.045s

smoothSolver:  Solving for Ux, Initial residual = 0.0076245, Final residual = 4.23837e-11, No Iterations 2
smoothSolver:  Solving for Uy, Initial residual = 0.0120732, Final residual = 1.32809e-10, No Iterations 2
smoothSolver:  Solving for Uz, Initial residual = 0.0120734, Final residual = 1.32814e-10, No Iterations 2
GAMG:  Solving for p, Initial residual = 0.0479681, Final residual = 0.000216974, No Iterations 4
time step continuity errors : sum local = 3.32121e-09, global = 5.89965e-10
GAMG:  Solving for p, Initial residual = 0.0270383, Final residual = 4.26932e-08, No Iterations 10
time step continuity errors : sum local = 7.96568e-13, global = 3.07342e-13, cumulative = 1.31165e-09
ExecutionTime = 5.64738 s  ClockTime = 6 s

Courant Number mean: 0.163693 max: 0.168786
Time = 0.046s

smoothSolver:  Solving for Ux, Initial residual = 0.00783964, Final residual = 4.38083e-11, No Iterations 2
smoothSolver:  Solving for Uy, Initial residual = 0.0118071, Final residual = 1.30141e-10, No Iterations 2
smoothSolver:  Solving for Uz, Initial residual = 0.011807, Final residual = 1.30141e-10, No Iterations 2
GAMG:  Solving for p, Initial residual = 0.0432816, Final residual = 0.000143249, No Iterations 5
time step continuity errors : sum local = 2.66322e-09, global = -1.34709e-09
GAMG:  Solving for p, Initial residual = 0.0231668, Final residual = 6.46792e-08, No Iterations 10
time step continuity errors : sum local = 1.54814e-12, global = 8.55652e-13, cumulative = 1.3125e-09
ExecutionTime = 5.75627 s  ClockTime = 6 s

Courant Number mean: 0.163695 max: 0.168902
Time = 0.047s

smoothSolver:  Solving for Ux, Initial residual = 0.00824633, Final residual = 4.63486e-11, No Iterations 2
smoothSolver:  Solving for Uy, Initial residual = 0.0115691, Final residual = 1.27613e-10, No Iterations 2
smoothSolver:  Solving for Uz, Initial residual = 0.0115691, Final residual = 1.27613e-10, No Iterations 2
GAMG:  Solving for p, Initial residual = 0.0349115, Final residual = 0.000136991, No Iterations 5
time step continuity errors : sum local = 3.26746e-09, global = -1.57794e-09
GAMG:  Solving for p, Initial residual = 0.0192527, Final residual = 5.95742e-08, No Iterations 10
time step continuity errors : sum local = 1.77909e-12, global = 1.01525e-12, cumulative = 1.31352e-09
ExecutionTime = 5.86501 s  ClockTime = 6 s

Courant Number mean: 0.163696 max: 0.169014
Time = 0.048s

smoothSolver:  Solving for Ux, Initial residual = 0.00870179, Final residual = 4.92155e-11, No Iterations 2
smoothSolver:  Solving for Uy, Initial residual = 0.0113443, Final residual = 1.25228e-10, No Iterations 2
smoothSolver:  Solving for Uz, Initial residual = 0.0113444, Final residual = 1.25229e-10, No Iterations 2
GAMG:  Solving for p, Initial residual = 0.0261568, Final residual = 0.000105416, No Iterations 5
time step continuity errors : sum local = 3.13934e-09, global = -1.47143e-09
GAMG:  Solving for p, Initial residual = 0.0151534, Final residual = 4.70667e-08, No Iterations 10
time step continuity errors : sum local = 1.66897e-12, global = 9.48609e-13, cumulative = 1.31447e-09
ExecutionTime = 5.97263 s  ClockTime = 6 s

Courant Number mean: 0.163697 max: 0.169123
Time = 0.049s

smoothSolver:  Solving for Ux, Initial residual = 0.00910676, Final residual = 5.18206e-11, No Iterations 2
smoothSolver:  Solving for Uy, Initial residual = 0.0111261, Final residual = 1.22965e-10, No Iterations 2
smoothSolver:  Solving for Uz, Initial residual = 0.0111261, Final residual = 1.22966e-10, No Iterations 2
GAMG:  Solving for p, Initial residual = 0.0190243, Final residual = 7.43711e-05, No Iterations 5
time step continuity errors : sum local = 2.6307e-09, global = -1.21798e-09
GAMG:  Solving for p, Initial residual = 0.0115592, Final residual = 3.45728e-08, No Iterations 10
time step continuity errors : sum local = 1.38678e-12, global = 7.69703e-13, cumulative = 1.31524e-09
ExecutionTime = 6.08355 s  ClockTime = 6 s

Courant Number mean: 0.163698 max: 0.169228
Time = 0.05s

smoothSolver:  Solving for Ux, Initial residual = 0.00940093, Final residual = 5.38028e-11, No Iterations 2
smoothSolver:  Solving for Uy, Initial residual = 0.010915, Final residual = 1.20803e-10, No Iterations 2
smoothSolver:  Solving for Uz, Initial residual = 0.010915, Final residual = 1.20803e-10, No Iterations 2
GAMG:  Solving for p, Initial residual = 0.0138722, Final residual = 4.83979e-05, No Iterations 5
time step continuity errors : sum local = 1.93654e-09, global = -8.81931e-10
GAMG:  Solving for p, Initial residual = 0.00881165, Final residual = 2.33192e-08, No Iterations 10
time step continuity errors : sum local = 1.01436e-12, global = 5.34785e-13, cumulative = 1.31577e-09
ExecutionTime = 6.19556 s  ClockTime = 6 s

Courant Number mean: 0.1637 max: 0.169329
Time = 0.051s

smoothSolver:  Solving for Ux, Initial residual = 0.00955993, Final residual = 5.51193e-11, No Iterations 2
smoothSolver:  Solving for Uy, Initial residual = 0.0107109, Final residual = 1.18741e-10, No Iterations 2
smoothSolver:  Solving for Uz, Initial residual = 0.010711, Final residual = 1.18741e-10, No Iterations 2
GAMG:  Solving for p, Initial residual = 0.010263, Final residual = 2.76288e-05, No Iterations 5
time step continuity errors : sum local = 1.19931e-09, global = -5.10537e-10
GAMG:  Solving for p, Initial residual = 0.00675853, Final residual = 5.7941e-08, No Iterations 9
time step continuity errors : sum local = 2.64249e-12, global = -4.88279e-13, cumulative = 1.31528e-09
ExecutionTime = 6.29958 s  ClockTime = 7 s

Courant Number mean: 0.163701 max: 0.169426
Time = 0.052s

smoothSolver:  Solving for Ux, Initial residual = 0.0095858, Final residual = 5.58105e-11, No Iterations 2
smoothSolver:  Solving for Uy, Initial residual = 0.0105129, Final residual = 1.16767e-10, No Iterations 2
smoothSolver:  Solving for Uz, Initial residual = 0.0105129, Final residual = 1.16766e-10, No Iterations 2
GAMG:  Solving for p, Initial residual = 0.00776134, Final residual = 4.40367e-05, No Iterations 4
time step continuity errors : sum local = 2.00549e-09, global = 7.6873e-10
GAMG:  Solving for p, Initial residual = 0.0052524, Final residual = 7.83296e-08, No Iterations 8
time step continuity errors : sum local = 3.64806e-12, global = 6.07494e-13, cumulative = 1.31589e-09
ExecutionTime = 6.3988 s  ClockTime = 7 s

Courant Number mean: 0.163702 max: 0.16952
Time = 0.053s

smoothSolver:  Solving for Ux, Initial residual = 0.0094971, Final residual = 5.55808e-11, No Iterations 2
smoothSolver:  Solving for Uy, Initial residual = 0.0103292, Final residual = 1.14858e-10, No Iterations 2
smoothSolver:  Solving for Uz, Initial residual = 0.0103292, Final residual = 1.14857e-10, No Iterations 2
GAMG:  Solving for p, Initial residual = 0.00626671, Final residual = 2.60188e-05, No Iterations 3
time step continuity errors : sum local = 1.21079e-09, global = -9.39553e-11
GAMG:  Solving for p, Initial residual = 0.00433051, Final residual = 7.6348e-08, No Iterations 7
time step continuity errors : sum local = 3.55969e-12, global = -1.16173e-12, cumulative = 1.31473e-09
ExecutionTime = 6.49038 s  ClockTime = 7 s

Courant Number mean: 0.163703 max: 0.169611
Time = 0.054s

smoothSolver:  Solving for Ux, Initial residual = 0.00932444, Final residual = 5.46478e-11, No Iterations 2
smoothSolver:  Solving for Uy, Initial residual = 0.0101613, Final residual = 1.13016e-10, No Iterations 2
smoothSolver:  Solving for Uz, Initial residual = 0.0101613, Final residual = 1.13016e-10, No Iterations 2
GAMG:  Solving for p, Initial residual = 0.00597898, Final residual = 2.02752e-05, No Iterations 4
time step continuity errors : sum local = 9.45179e-10, global = -3.57516e-10
GAMG:  Solving for p, Initial residual = 0.00418855, Final residual = 3.54862e-08, No Iterations 8
time step continuity errors : sum local = 1.63434e-12, global = -3.51394e-13, cumulative = 1.31438e-09
ExecutionTime = 6.58985 s  ClockTime = 7 s

Courant Number mean: 0.163705 max: 0.169698
Time = 0.055s

smoothSolver:  Solving for Ux, Initial residual = 0.00909543, Final residual = 5.32229e-11, No Iterations 2
smoothSolver:  Solving for Uy, Initial residual = 0.0100039, Final residual = 1.1128e-10, No Iterations 2
smoothSolver:  Solving for Uz, Initial residual = 0.010004, Final residual = 1.11281e-10, No Iterations 2
GAMG:  Solving for p, Initial residual = 0.00591906, Final residual = 4.51849e-05, No Iterations 4
time step continuity errors : sum local = 2.08211e-09, global = -9.90167e-10
GAMG:  Solving for p, Initial residual = 0.00419178, Final residual = 2.64641e-08, No Iterations 9
time step continuity errors : sum local = 1.1949e-12, global = 2.65835e-13, cumulative = 1.31464e-09
ExecutionTime = 6.69474 s  ClockTime = 7 s

Courant Number mean: 0.163706 max: 0.169781
Time = 0.056s

smoothSolver:  Solving for Ux, Initial residual = 0.00883822, Final residual = 5.15384e-11, No Iterations 2
smoothSolver:  Solving for Uy, Initial residual = 0.00984448, Final residual = 1.09614e-10, No Iterations 2
smoothSolver:  Solving for Uz, Initial residual = 0.00984461, Final residual = 1.09617e-10, No Iterations 2
GAMG:  Solving for p, Initial residual = 0.00580742, Final residual = 4.41332e-05, No Iterations 4
time step continuity errors : sum local = 1.99454e-09, global = -9.6243e-10
GAMG:  Solving for p, Initial residual = 0.00412907, Final residual = 2.85955e-08, No Iterations 9
time step continuity errors : sum local = 1.26209e-12, global = 3.34661e-13, cumulative = 1.31498e-09
ExecutionTime = 6.79825 s  ClockTime = 7 s

Courant Number mean: 0.163707 max: 0.169861
Time = 0.057s

smoothSolver:  Solving for Ux, Initial residual = 0.00857666, Final residual = 4.97998e-11, No Iterations 2
smoothSolver:  Solving for Uy, Initial residual = 0.00968482, Final residual = 1.07981e-10, No Iterations 2
smoothSolver:  Solving for Uz, Initial residual = 0.00968497, Final residual = 1.07983e-10, No Iterations 2
GAMG:  Solving for p, Initial residual = 0.00557416, Final residual = 3.55961e-05, No Iterations 4
time step continuity errors : sum local = 1.57302e-09, global = -7.56168e-10
GAMG:  Solving for p, Initial residual = 0.00396161, Final residual = 2.42949e-08, No Iterations 9
time step continuity errors : sum local = 1.049e-12, global = 2.91238e-13, cumulative = 1.31527e-09
ExecutionTime = 6.89945 s  ClockTime = 7 s

Courant Number mean: 0.163708 max: 0.169977
Time = 0.058s

smoothSolver:  Solving for Ux, Initial residual = 0.0083278, Final residual = 4.81505e-11, No Iterations 2
smoothSolver:  Solving for Uy, Initial residual = 0.00952647, Final residual = 1.06394e-10, No Iterations 2
smoothSolver:  Solving for Uz, Initial residual = 0.00952661, Final residual = 1.06396e-10, No Iterations 2
GAMG:  Solving for p, Initial residual = 0.00522944, Final residual = 2.57091e-05, No Iterations 4
time step continuity errors : sum local = 1.1115e-09, global = -5.10406e-10
GAMG:  Solving for p, Initial residual = 0.00370515, Final residual = 8.90007e-08, No Iterations 8
time step continuity errors : sum local = 3.77237e-12, global = -1.92346e-12, cumulative = 1.31334e-09
ExecutionTime = 6.9983 s  ClockTime = 7 s

Courant Number mean: 0.16371 max: 0.170104
Time = 0.059s

smoothSolver:  Solving for Ux, Initial residual = 0.00810171, Final residual = 4.67456e-11, No Iterations 2
smoothSolver:  Solving for Uy, Initial residual = 0.00936559, Final residual = 1.04812e-10, No Iterations 2
smoothSolver:  Solving for Uz, Initial residual = 0.00936571, Final residual = 1.04814e-10, No Iterations 2
GAMG:  Solving for p, Initial residual = 0.00493363, Final residual = 1.8203e-05, No Iterations 4
time step continuity errors : sum local = 7.72511e-10, global = -2.94847e-10
GAMG:  Solving for p, Initial residual = 0.00348081, Final residual = 6.83696e-08, No Iterations 8
time step continuity errors : sum local = 2.85869e-12, global = -1.38265e-12, cumulative = 1.31196e-09
ExecutionTime = 7.09645 s  ClockTime = 7 s

Courant Number mean: 0.163711 max: 0.170227
Time = 0.06s

smoothSolver:  Solving for Ux, Initial residual = 0.00790269, Final residual = 4.55538e-11, No Iterations 2
smoothSolver:  Solving for Uy, Initial residual = 0.00921941, Final residual = 1.0321e-10, No Iterations 2
smoothSolver:  Solving for Uz, Initial residual = 0.0092195, Final residual = 1.03212e-10, No Iterations 2
GAMG:  Solving for p, Initial residual = 0.00470693, Final residual = 3.80335e-05, No Iterations 3
time step continuity errors : sum local = 1.59204e-09, global = 6.12673e-10
GAMG:  Solving for p, Initial residual = 0.00330417, Final residual = 7.17785e-08, No Iterations 8
time step continuity errors : sum local = 2.97679e-12, global = -7.07483e-13, cumulative = 1.31125e-09
ExecutionTime = 7.26657 s  ClockTime = 7 s

Courant Number mean: 0.163712 max: 0.170346
Time = 0.061s

smoothSolver:  Solving for Ux, Initial residual = 0.00773069, Final residual = 4.45358e-11, No Iterations 2
smoothSolver:  Solving for Uy, Initial residual = 0.00907542, Final residual = 1.01615e-10, No Iterations 2
smoothSolver:  Solving for Uz, Initial residual = 0.00907551, Final residual = 1.01617e-10, No Iterations 2
GAMG:  Solving for p, Initial residual = 0.00453208, Final residual = 1.68112e-05, No Iterations 3
time step continuity errors : sum local = 6.97779e-10, global = 6.65308e-11
GAMG:  Solving for p, Initial residual = 0.00316504, Final residual = 9.85942e-08, No Iterations 6
time step continuity errors : sum local = 4.07415e-12, global = 3.2383e-13, cumulative = 1.31158e-09
ExecutionTime = 7.35677 s  ClockTime = 8 s

Courant Number mean: 0.163713 max: 0.170462
Time = 0.062s

smoothSolver:  Solving for Ux, Initial residual = 0.00758255, Final residual = 4.36736e-11, No Iterations 2
smoothSolver:  Solving for Uy, Initial residual = 0.0089317, Final residual = 1.00063e-10, No Iterations 2
smoothSolver:  Solving for Uz, Initial residual = 0.00893178, Final residual = 1.00064e-10, No Iterations 2
GAMG:  Solving for p, Initial residual = 0.00448863, Final residual = 1.05922e-05, No Iterations 3
time step continuity errors : sum local = 4.38077e-10, global = 9.85432e-11
GAMG:  Solving for p, Initial residual = 0.00312468, Final residual = 6.2788e-08, No Iterations 6
time step continuity errors : sum local = 2.59568e-12, global = -1.74285e-13, cumulative = 1.3114e-09
ExecutionTime = 7.44631 s  ClockTime = 8 s

Courant Number mean: 0.163714 max: 0.170574
Time = 0.063s

smoothSolver:  Solving for Ux, Initial residual = 0.0074537, Final residual = 4.29394e-11, No Iterations 2
smoothSolver:  Solving for Uy, Initial residual = 0.00879314, Final residual = 9.85449e-11, No Iterations 2
smoothSolver:  Solving for Uz, Initial residual = 0.00879321, Final residual = 9.85462e-11, No Iterations 2
GAMG:  Solving for p, Initial residual = 0.00446012, Final residual = 1.12452e-05, No Iterations 3
time step continuity errors : sum local = 4.65252e-10, global = 5.72736e-11
GAMG:  Solving for p, Initial residual = 0.00309662, Final residual = 4.24059e-08, No Iterations 7
time step continuity errors : sum local = 1.75857e-12, global = 7.61373e-13, cumulative = 1.31217e-09
ExecutionTime = 7.53959 s  ClockTime = 8 s

Courant Number mean: 0.163716 max: 0.170683
Time = 0.064s

smoothSolver:  Solving for Ux, Initial residual = 0.00733846, Final residual = 4.22947e-11, No Iterations 2
smoothSolver:  Solving for Uy, Initial residual = 0.00867325, Final residual = 9.70722e-11, No Iterations 2
smoothSolver:  Solving for Uz, Initial residual = 0.0086733, Final residual = 9.70734e-11, No Iterations 2
GAMG:  Solving for p, Initial residual = 0.00446996, Final residual = 1.41849e-05, No Iterations 3
time step continuity errors : sum local = 5.88735e-10, global = -1.90881e-10
GAMG:  Solving for p, Initial residual = 0.00309842, Final residual = 4.85392e-08, No Iterations 7
time step continuity errors : sum local = 2.02253e-12, global = -1.36876e-12, cumulative = 1.3108e-09
ExecutionTime = 7.63359 s  ClockTime = 8 s

Courant Number mean: 0.163717 max: 0.170789
Time = 0.065s

smoothSolver:  Solving for Ux, Initial residual = 0.00723216, Final residual = 4.1708e-11, No Iterations 2
smoothSolver:  Solving for Uy, Initial residual = 0.00855995, Final residual = 9.56447e-11, No Iterations 2
smoothSolver:  Solving for Uz, Initial residual = 0.00855999, Final residual = 9.56459e-11, No Iterations 2
GAMG:  Solving for p, Initial residual = 0.00436542, Final residual = 1.20823e-05, No Iterations 3
time step continuity errors : sum local = 5.03825e-10, global = -7.98496e-11
GAMG:  Solving for p, Initial residual = 0.00302395, Final residual = 7.14936e-08, No Iterations 6
time step continuity errors : sum local = 2.9949e-12, global = -1.09179e-13, cumulative = 1.31069e-09
ExecutionTime = 7.72415 s  ClockTime = 8 s

Courant Number mean: 0.163718 max: 0.17089
Time = 0.066s

smoothSolver:  Solving for Ux, Initial residual = 0.00713103, Final residual = 4.11539e-11, No Iterations 2
smoothSolver:  Solving for Uy, Initial residual = 0.00844622, Final residual = 9.43041e-11, No Iterations 2
smoothSolver:  Solving for Uz, Initial residual = 0.00844626, Final residual = 9.43057e-11, No Iterations 2
GAMG:  Solving for p, Initial residual = 0.0042136, Final residual = 1.06619e-05, No Iterations 3
time step continuity errors : sum local = 4.46918e-10, global = -4.32448e-11
GAMG:  Solving for p, Initial residual = 0.0029199, Final residual = 7.71957e-08, No Iterations 6
time step continuity errors : sum local = 3.25007e-12, global = -7.74645e-14, cumulative = 1.31061e-09
ExecutionTime = 7.81639 s  ClockTime = 8 s

Courant Number mean: 0.163719 max: 0.170989
Time = 0.067s

smoothSolver:  Solving for Ux, Initial residual = 0.00703231, Final residual = 4.0614e-11, No Iterations 2
smoothSolver:  Solving for Uy, Initial residual = 0.00833523, Final residual = 9.30348e-11, No Iterations 2
smoothSolver:  Solving for Uz, Initial residual = 0.00833527, Final residual = 9.30365e-11, No Iterations 2
GAMG:  Solving for p, Initial residual = 0.00410974, Final residual = 9.95291e-06, No Iterations 3
time step continuity errors : sum local = 4.19302e-10, global = -3.88401e-11
GAMG:  Solving for p, Initial residual = 0.00285095, Final residual = 7.08121e-08, No Iterations 6
time step continuity errors : sum local = 2.99433e-12, global = -9.74699e-14, cumulative = 1.31051e-09
ExecutionTime = 7.90566 s  ClockTime = 8 s

Courant Number mean: 0.163721 max: 0.171084
Time = 0.068s

smoothSolver:  Solving for Ux, Initial residual = 0.00693441, Final residual = 4.00772e-11, No Iterations 2
smoothSolver:  Solving for Uy, Initial residual = 0.0082224, Final residual = 9.18108e-11, No Iterations 2
smoothSolver:  Solving for Uz, Initial residual = 0.00822244, Final residual = 9.18125e-11, No Iterations 2
GAMG:  Solving for p, Initial residual = 0.00404052, Final residual = 9.10792e-06, No Iterations 3
time step continuity errors : sum local = 3.85387e-10, global = -4.35855e-11
GAMG:  Solving for p, Initial residual = 0.00280625, Final residual = 5.91125e-08, No Iterations 6
time step continuity errors : sum local = 2.50827e-12, global = -7.90746e-14, cumulative = 1.31043e-09
ExecutionTime = 7.99503 s  ClockTime = 8 s

Courant Number mean: 0.163722 max: 0.171176
Time = 0.069s

smoothSolver:  Solving for Ux, Initial residual = 0.00683646, Final residual = 3.95375e-11, No Iterations 2
smoothSolver:  Solving for Uy, Initial residual = 0.00810906, Final residual = 9.06172e-11, No Iterations 2
smoothSolver:  Solving for Uz, Initial residual = 0.00810911, Final residual = 9.06189e-11, No Iterations 2
GAMG:  Solving for p, Initial residual = 0.00398376, Final residual = 7.78669e-06, No Iterations 3
time step continuity errors : sum local = 3.30632e-10, global = -2.56737e-11
GAMG:  Solving for p, Initial residual = 0.0027703, Final residual = 5.50307e-08, No Iterations 6
time step continuity errors : sum local = 2.34096e-12, global = -1.1299e-13, cumulative = 1.31032e-09
ExecutionTime = 8.08468 s  ClockTime = 8 s

Courant Number mean: 0.163723 max: 0.171264
Time = 0.07s

smoothSolver:  Solving for Ux, Initial residual = 0.00673827, Final residual = 3.89939e-11, No Iterations 2
smoothSolver:  Solving for Uy, Initial residual = 0.0079946, Final residual = 8.9444e-11, No Iterations 2
smoothSolver:  Solving for Uz, Initial residual = 0.00799464, Final residual = 8.94455e-11, No Iterations 2
GAMG:  Solving for p, Initial residual = 0.00391037, Final residual = 1.17608e-05, No Iterations 3
time step continuity errors : sum local = 5.00631e-10, global = -3.97165e-11
GAMG:  Solving for p, Initial residual = 0.00272246, Final residual = 6.32009e-08, No Iterations 6
time step continuity errors : sum local = 2.69274e-12, global = -3.91068e-13, cumulative = 1.30993e-09
ExecutionTime = 8.17833 s  ClockTime = 8 s

Courant Number mean: 0.163724 max: 0.17135
Time = 0.071s

smoothSolver:  Solving for Ux, Initial residual = 0.00664014, Final residual = 3.84478e-11, No Iterations 2
smoothSolver:  Solving for Uy, Initial residual = 0.00787894, Final residual = 8.82887e-11, No Iterations 2
smoothSolver:  Solving for Uz, Initial residual = 0.00787898, Final residual = 8.82901e-11, No Iterations 2
GAMG:  Solving for p, Initial residual = 0.00378359, Final residual = 1.01648e-05, No Iterations 3
time step continuity errors : sum local = 4.33367e-10, global = 2.88875e-11
GAMG:  Solving for p, Initial residual = 0.00263642, Final residual = 6.27704e-08, No Iterations 6
time step continuity errors : sum local = 2.67695e-12, global = 1.79463e-13, cumulative = 1.31011e-09
ExecutionTime = 8.26778 s  ClockTime = 8 s

Courant Number mean: 0.163725 max: 0.171432
Time = 0.072s

smoothSolver:  Solving for Ux, Initial residual = 0.00654257, Final residual = 3.79023e-11, No Iterations 2
smoothSolver:  Solving for Uy, Initial residual = 0.00776191, Final residual = 8.71836e-11, No Iterations 2
smoothSolver:  Solving for Uz, Initial residual = 0.00776194, Final residual = 8.71849e-11, No Iterations 2
GAMG:  Solving for p, Initial residual = 0.00376603, Final residual = 8.16899e-06, No Iterations 3
time step continuity errors : sum local = 3.48599e-10, global = -9.10253e-12
GAMG:  Solving for p, Initial residual = 0.00262546, Final residual = 5.59869e-08, No Iterations 6
time step continuity errors : sum local = 2.38863e-12, global = 4.76337e-13, cumulative = 1.31059e-09
ExecutionTime = 8.35974 s  ClockTime = 9 s

Courant Number mean: 0.163727 max: 0.171512
Time = 0.073s

smoothSolver:  Solving for Ux, Initial residual = 0.00644621, Final residual = 3.73609e-11, No Iterations 2
smoothSolver:  Solving for Uy, Initial residual = 0.00765342, Final residual = 8.60961e-11, No Iterations 2
smoothSolver:  Solving for Uz, Initial residual = 0.00765345, Final residual = 8.60973e-11, No Iterations 2
GAMG:  Solving for p, Initial residual = 0.00378244, Final residual = 8.32895e-06, No Iterations 3
time step continuity errors : sum local = 3.55589e-10, global = -9.48096e-12
GAMG:  Solving for p, Initial residual = 0.00263777, Final residual = 5.71905e-08, No Iterations 6
time step continuity errors : sum local = 2.44043e-12, global = 5.01441e-13, cumulative = 1.31109e-09
ExecutionTime = 8.44925 s  ClockTime = 9 s

Courant Number mean: 0.163728 max: 0.171588
Time = 0.074s

smoothSolver:  Solving for Ux, Initial residual = 0.00635163, Final residual = 3.68279e-11, No Iterations 2
smoothSolver:  Solving for Uy, Initial residual = 0.00757376, Final residual = 8.50371e-11, No Iterations 2
smoothSolver:  Solving for Uz, Initial residual = 0.00757379, Final residual = 8.50383e-11, No Iterations 2
GAMG:  Solving for p, Initial residual = 0.00378031, Final residual = 8.53604e-06, No Iterations 3
time step continuity errors : sum local = 3.64492e-10, global = -5.32198e-12
GAMG:  Solving for p, Initial residual = 0.00263581, Final residual = 6.09794e-08, No Iterations 6
time step continuity errors : sum local = 2.60227e-12, global = 5.23681e-13, cumulative = 1.31161e-09
ExecutionTime = 8.5403 s  ClockTime = 9 s

Courant Number mean: 0.163729 max: 0.171699
Time = 0.075s

smoothSolver:  Solving for Ux, Initial residual = 0.00625923, Final residual = 3.63064e-11, No Iterations 2
smoothSolver:  Solving for Uy, Initial residual = 0.00749617, Final residual = 8.40107e-11, No Iterations 2
smoothSolver:  Solving for Uz, Initial residual = 0.0074962, Final residual = 8.40119e-11, No Iterations 2
GAMG:  Solving for p, Initial residual = 0.00379679, Final residual = 8.51323e-06, No Iterations 3
time step continuity errors : sum local = 3.63549e-10, global = 9.95585e-13
GAMG:  Solving for p, Initial residual = 0.00264692, Final residual = 6.28203e-08, No Iterations 6
time step continuity errors : sum local = 2.68112e-12, global = 4.31671e-13, cumulative = 1.31204e-09
ExecutionTime = 8.63103 s  ClockTime = 9 s

Courant Number mean: 0.16373 max: 0.171818
Time = 0.076s

smoothSolver:  Solving for Ux, Initial residual = 0.00616933, Final residual = 3.57982e-11, No Iterations 2
smoothSolver:  Solving for Uy, Initial residual = 0.00741856, Final residual = 8.30133e-11, No Iterations 2
smoothSolver:  Solving for Uz, Initial residual = 0.00741859, Final residual = 8.30147e-11, No Iterations 2
GAMG:  Solving for p, Initial residual = 0.00381569, Final residual = 8.31808e-06, No Iterations 3
time step continuity errors : sum local = 3.55257e-10, global = 6.75896e-12
GAMG:  Solving for p, Initial residual = 0.00265975, Final residual = 6.23892e-08, No Iterations 6
time step continuity errors : sum local = 2.66331e-12, global = 3.04029e-13, cumulative = 1.31235e-09
ExecutionTime = 8.72179 s  ClockTime = 9 s

Courant Number mean: 0.163732 max: 0.171932
Time = 0.077s

smoothSolver:  Solving for Ux, Initial residual = 0.00608206, Final residual = 3.53046e-11, No Iterations 2
smoothSolver:  Solving for Uy, Initial residual = 0.00733644, Final residual = 8.20124e-11, No Iterations 2
smoothSolver:  Solving for Uz, Initial residual = 0.00733647, Final residual = 8.20139e-11, No Iterations 2
GAMG:  Solving for p, Initial residual = 0.00383926, Final residual = 8.18709e-06, No Iterations 3
time step continuity errors : sum local = 3.49738e-10, global = 1.01978e-11
GAMG:  Solving for p, Initial residual = 0.00267524, Final residual = 6.11599e-08, No Iterations 6
time step continuity errors : sum local = 2.61181e-12, global = 2.48952e-13, cumulative = 1.3126e-09
ExecutionTime = 8.81228 s  ClockTime = 9 s

Courant Number mean: 0.163733 max: 0.172044
Time = 0.078s

smoothSolver:  Solving for Ux, Initial residual = 0.00599745, Final residual = 3.48264e-11, No Iterations 2
smoothSolver:  Solving for Uy, Initial residual = 0.00725065, Final residual = 8.09941e-11, No Iterations 2
smoothSolver:  Solving for Uz, Initial residual = 0.00725067, Final residual = 8.09956e-11, No Iterations 2
GAMG:  Solving for p, Initial residual = 0.00386618, Final residual = 8.42884e-06, No Iterations 3
time step continuity errors : sum local = 3.60204e-10, global = 9.83296e-12
GAMG:  Solving for p, Initial residual = 0.00269362, Final residual = 6.10152e-08, No Iterations 6
time step continuity errors : sum local = 2.60711e-12, global = 2.83295e-13, cumulative = 1.31288e-09
ExecutionTime = 8.9016 s  ClockTime = 9 s

Courant Number mean: 0.163734 max: 0.172152
Time = 0.079s

smoothSolver:  Solving for Ux, Initial residual = 0.00591544, Final residual = 3.43635e-11, No Iterations 2
smoothSolver:  Solving for Uy, Initial residual = 0.00716313, Final residual = 7.99776e-11, No Iterations 2
smoothSolver:  Solving for Uz, Initial residual = 0.00716315, Final residual = 7.99789e-11, No Iterations 2
GAMG:  Solving for p, Initial residual = 0.00389845, Final residual = 9.18354e-06, No Iterations 3
time step continuity errors : sum local = 3.92679e-10, global = 7.03699e-12
GAMG:  Solving for p, Initial residual = 0.00271601, Final residual = 6.28937e-08, No Iterations 6
time step continuity errors : sum local = 2.68932e-12, global = 4.27154e-13, cumulative = 1.31331e-09
ExecutionTime = 8.99073 s  ClockTime = 9 s

Courant Number mean: 0.163735 max: 0.172257
Time = 0.08s

smoothSolver:  Solving for Ux, Initial residual = 0.00583589, Final residual = 3.3915e-11, No Iterations 2
smoothSolver:  Solving for Uy, Initial residual = 0.00707406, Final residual = 7.89645e-11, No Iterations 2
smoothSolver:  Solving for Uz, Initial residual = 0.00707408, Final residual = 7.89657e-11, No Iterations 2
GAMG:  Solving for p, Initial residual = 0.00392826, Final residual = 1.01832e-05, No Iterations 3
time step continuity errors : sum local = 4.35744e-10, global = 5.45214e-12
GAMG:  Solving for p, Initial residual = 0.00273645, Final residual = 6.65449e-08, No Iterations 6
time step continuity errors : sum local = 2.84792e-12, global = 6.12157e-13, cumulative = 1.31392e-09
ExecutionTime = 9.15889 s  ClockTime = 9 s

Courant Number mean: 0.163736 max: 0.172359
Time = 0.081s

smoothSolver:  Solving for Ux, Initial residual = 0.00575865, Final residual = 3.34799e-11, No Iterations 2
smoothSolver:  Solving for Uy, Initial residual = 0.00698374, Final residual = 7.79575e-11, No Iterations 2
smoothSolver:  Solving for Uz, Initial residual = 0.00698375, Final residual = 7.79587e-11, No Iterations 2
GAMG:  Solving for p, Initial residual = 0.00398123, Final residual = 1.11062e-05, No Iterations 3
time step continuity errors : sum local = 4.75654e-10, global = 7.51884e-12
GAMG:  Solving for p, Initial residual = 0.00277335, Final residual = 7.0637e-08, No Iterations 6
time step continuity errors : sum local = 3.02601e-12, global = 7.08587e-13, cumulative = 1.31463e-09
ExecutionTime = 9.25266 s  ClockTime = 9 s

Courant Number mean: 0.163738 max: 0.172458
Time = 0.082s

smoothSolver:  Solving for Ux, Initial residual = 0.00568355, Final residual = 3.30571e-11, No Iterations 2
smoothSolver:  Solving for Uy, Initial residual = 0.00689217, Final residual = 7.69635e-11, No Iterations 2
smoothSolver:  Solving for Uz, Initial residual = 0.00689217, Final residual = 7.69646e-11, No Iterations 2
GAMG:  Solving for p, Initial residual = 0.00385315, Final residual = 1.09431e-05, No Iterations 3
time step continuity errors : sum local = 4.69055e-10, global = 9.1331e-12
GAMG:  Solving for p, Initial residual = 0.00268445, Final residual = 7.00131e-08, No Iterations 6
time step continuity errors : sum local = 3.00182e-12, global = 6.92914e-13, cumulative = 1.31532e-09
ExecutionTime = 9.34689 s  ClockTime = 10 s

Courant Number mean: 0.163739 max: 0.172553
Time = 0.083s

smoothSolver:  Solving for Ux, Initial residual = 0.00561042, Final residual = 3.26459e-11, No Iterations 2
smoothSolver:  Solving for Uy, Initial residual = 0.00680001, Final residual = 7.60288e-11, No Iterations 2
smoothSolver:  Solving for Uz, Initial residual = 0.00680001, Final residual = 7.60298e-11, No Iterations 2
GAMG:  Solving for p, Initial residual = 0.00376449, Final residual = 1.07362e-05, No Iterations 3
time step continuity errors : sum local = 4.60571e-10, global = 1.01404e-11
GAMG:  Solving for p, Initial residual = 0.00262317, Final residual = 6.89984e-08, No Iterations 6
time step continuity errors : sum local = 2.96078e-12, global = 6.6868e-13, cumulative = 1.31599e-09
ExecutionTime = 9.4412 s  ClockTime = 10 s

Courant Number mean: 0.16374 max: 0.172646
Time = 0.084s

smoothSolver:  Solving for Ux, Initial residual = 0.00553915, Final residual = 3.22455e-11, No Iterations 2
smoothSolver:  Solving for Uy, Initial residual = 0.00672515, Final residual = 7.51597e-11, No Iterations 2
smoothSolver:  Solving for Uz, Initial residual = 0.00672515, Final residual = 7.51607e-11, No Iterations 2
GAMG:  Solving for p, Initial residual = 0.00369525, Final residual = 1.05102e-05, No Iterations 3
time step continuity errors : sum local = 4.51247e-10, global = 9.69142e-12
GAMG:  Solving for p, Initial residual = 0.00257525, Final residual = 6.81444e-08, No Iterations 6
time step continuity errors : sum local = 2.92643e-12, global = 6.62118e-13, cumulative = 1.31665e-09
ExecutionTime = 9.53468 s  ClockTime = 10 s

Courant Number mean: 0.163741 max: 0.172736
Time = 0.085s

smoothSolver:  Solving for Ux, Initial residual = 0.0054696, Final residual = 3.18548e-11, No Iterations 2
smoothSolver:  Solving for Uy, Initial residual = 0.00665183, Final residual = 7.43333e-11, No Iterations 2
smoothSolver:  Solving for Uz, Initial residual = 0.00665183, Final residual = 7.43343e-11, No Iterations 2
GAMG:  Solving for p, Initial residual = 0.00364517, Final residual = 1.02717e-05, No Iterations 3
time step continuity errors : sum local = 4.41351e-10, global = 8.15103e-12
GAMG:  Solving for p, Initial residual = 0.00254071, Final residual = 6.73823e-08, No Iterations 6
time step continuity errors : sum local = 2.89585e-12, global = 6.64044e-13, cumulative = 1.31731e-09
ExecutionTime = 9.62903 s  ClockTime = 10 s

Courant Number mean: 0.163742 max: 0.172823
Time = 0.086s

smoothSolver:  Solving for Ux, Initial residual = 0.00540161, Final residual = 3.14732e-11, No Iterations 2
smoothSolver:  Solving for Uy, Initial residual = 0.00657967, Final residual = 7.35364e-11, No Iterations 2
smoothSolver:  Solving for Uz, Initial residual = 0.00657968, Final residual = 7.35377e-11, No Iterations 2
GAMG:  Solving for p, Initial residual = 0.00354724, Final residual = 9.84948e-06, No Iterations 3
time step continuity errors : sum local = 4.23499e-10, global = 5.83476e-12
GAMG:  Solving for p, Initial residual = 0.0024729, Final residual = 6.61146e-08, No Iterations 6
time step continuity errors : sum local = 2.84314e-12, global = 6.50275e-13, cumulative = 1.31796e-09
ExecutionTime = 9.72288 s  ClockTime = 10 s

Courant Number mean: 0.163744 max: 0.172907
Time = 0.087s

smoothSolver:  Solving for Ux, Initial residual = 0.00533509, Final residual = 3.11001e-11, No Iterations 2
smoothSolver:  Solving for Uy, Initial residual = 0.00652086, Final residual = 7.27817e-11, No Iterations 2
smoothSolver:  Solving for Uz, Initial residual = 0.00652088, Final residual = 7.27832e-11, No Iterations 2
GAMG:  Solving for p, Initial residual = 0.00345516, Final residual = 9.41145e-06, No Iterations 3
time step continuity errors : sum local = 4.04902e-10, global = 3.85086e-12
GAMG:  Solving for p, Initial residual = 0.00240924, Final residual = 6.49885e-08, No Iterations 6
time step continuity errors : sum local = 2.79619e-12, global = 6.15107e-13, cumulative = 1.31858e-09
ExecutionTime = 9.80688 s  ClockTime = 10 s

Courant Number mean: 0.163745 max: 0.172988
Time = 0.088s

smoothSolver:  Solving for Ux, Initial residual = 0.00527, Final residual = 3.07347e-11, No Iterations 2
smoothSolver:  Solving for Uy, Initial residual = 0.0064632, Final residual = 7.20716e-11, No Iterations 2
smoothSolver:  Solving for Uz, Initial residual = 0.00646322, Final residual = 7.2073e-11, No Iterations 2
GAMG:  Solving for p, Initial residual = 0.0034512, Final residual = 9.36398e-06, No Iterations 3
time step continuity errors : sum local = 4.03098e-10, global = 2.98656e-12
GAMG:  Solving for p, Initial residual = 0.00240596, Final residual = 6.49239e-08, No Iterations 6
time step continuity errors : sum local = 2.79498e-12, global = 5.96523e-13, cumulative = 1.31918e-09
ExecutionTime = 9.90118 s  ClockTime = 10 s

Courant Number mean: 0.163746 max: 0.173066
Time = 0.089s

smoothSolver:  Solving for Ux, Initial residual = 0.00520631, Final residual = 3.03771e-11, No Iterations 2
smoothSolver:  Solving for Uy, Initial residual = 0.00640266, Final residual = 7.13525e-11, No Iterations 2
smoothSolver:  Solving for Uz, Initial residual = 0.00640268, Final residual = 7.13539e-11, No Iterations 2
GAMG:  Solving for p, Initial residual = 0.00347746, Final residual = 9.4224e-06, No Iterations 3
time step continuity errors : sum local = 4.05851e-10, global = 2.62006e-12
GAMG:  Solving for p, Initial residual = 0.00242415, Final residual = 6.51625e-08, No Iterations 6
time step continuity errors : sum local = 2.80683e-12, global = 5.86355e-13, cumulative = 1.31976e-09
ExecutionTime = 9.9926 s  ClockTime = 10 s

Courant Number mean: 0.163747 max: 0.173143
Time = 0.09s

smoothSolver:  Solving for Ux, Initial residual = 0.00514398, Final residual = 3.00269e-11, No Iterations 2
smoothSolver:  Solving for Uy, Initial residual = 0.00633889, Final residual = 7.06262e-11, No Iterations 2
smoothSolver:  Solving for Uz, Initial residual = 0.00633891, Final residual = 7.06276e-11, No Iterations 2
GAMG:  Solving for p, Initial residual = 0.00353406, Final residual = 9.58244e-06, No Iterations 3
time step continuity errors : sum local = 4.12991e-10, global = 2.62483e-12
GAMG:  Solving for p, Initial residual = 0.0024632, Final residual = 6.57945e-08, No Iterations 6
time step continuity errors : sum local = 2.83573e-12, global = 5.8573e-13, cumulative = 1.32035e-09
ExecutionTime = 10.0827 s  ClockTime = 10 s

Courant Number mean: 0.163749 max: 0.173216
Time = 0.091s

smoothSolver:  Solving for Ux, Initial residual = 0.00508303, Final residual = 2.96838e-11, No Iterations 2
smoothSolver:  Solving for Uy, Initial residual = 0.0062718, Final residual = 6.98811e-11, No Iterations 2
smoothSolver:  Solving for Uz, Initial residual = 0.00627182, Final residual = 6.98824e-11, No Iterations 2
GAMG:  Solving for p, Initial residual = 0.00355373, Final residual = 9.66051e-06, No Iterations 3
time step continuity errors : sum local = 4.16602e-10, global = 2.57453e-12
GAMG:  Solving for p, Initial residual = 0.0024766, Final residual = 6.58206e-08, No Iterations 6
time step continuity errors : sum local = 2.83853e-12, global = 5.89656e-13, cumulative = 1.32094e-09
ExecutionTime = 10.1731 s  ClockTime = 10 s

Courant Number mean: 0.16375 max: 0.173318
Time = 0.092s

smoothSolver:  Solving for Ux, Initial residual = 0.00502339, Final residual = 2.93479e-11, No Iterations 2
smoothSolver:  Solving for Uy, Initial residual = 0.00620221, Final residual = 6.9133e-11, No Iterations 2
smoothSolver:  Solving for Uz, Initial residual = 0.00620224, Final residual = 6.91342e-11, No Iterations 2
GAMG:  Solving for p, Initial residual = 0.00358165, Final residual = 9.78044e-06, No Iterations 3
time step continuity errors : sum local = 4.22027e-10, global = 2.65336e-12
GAMG:  Solving for p, Initial residual = 0.00249585, Final residual = 6.61329e-08, No Iterations 6
time step continuity errors : sum local = 2.85374e-12, global = 5.983e-13, cumulative = 1.32154e-09
ExecutionTime = 10.264 s  ClockTime = 10 s

Courant Number mean: 0.163751 max: 0.173428
Time = 0.093s

smoothSolver:  Solving for Ux, Initial residual = 0.004965, Final residual = 2.90191e-11, No Iterations 2
smoothSolver:  Solving for Uy, Initial residual = 0.00613257, Final residual = 6.83853e-11, No Iterations 2
smoothSolver:  Solving for Uz, Initial residual = 0.00613259, Final residual = 6.83864e-11, No Iterations 2
GAMG:  Solving for p, Initial residual = 0.00360666, Final residual = 9.90384e-06, No Iterations 3
time step continuity errors : sum local = 4.27611e-10, global = 2.78108e-12
GAMG:  Solving for p, Initial residual = 0.0025129, Final residual = 6.64828e-08, No Iterations 6
time step continuity errors : sum local = 2.87062e-12, global = 6.10354e-13, cumulative = 1.32215e-09
ExecutionTime = 10.3546 s  ClockTime = 11 s

Courant Number mean: 0.163752 max: 0.173535
Time = 0.094s

smoothSolver:  Solving for Ux, Initial residual = 0.00490784, Final residual = 2.86971e-11, No Iterations 2
smoothSolver:  Solving for Uy, Initial residual = 0.00607147, Final residual = 6.76399e-11, No Iterations 2
smoothSolver:  Solving for Uz, Initial residual = 0.00607149, Final residual = 6.76409e-11, No Iterations 2
GAMG:  Solving for p, Initial residual = 0.00363154, Final residual = 1.00314e-05, No Iterations 3
time step continuity errors : sum local = 4.33395e-10, global = 2.97544e-12
GAMG:  Solving for p, Initial residual = 0.00253029, Final residual = 6.68319e-08, No Iterations 6
time step continuity errors : sum local = 2.88758e-12, global = 6.25374e-13, cumulative = 1.32277e-09
ExecutionTime = 10.4459 s  ClockTime = 11 s

Courant Number mean: 0.163753 max: 0.17364
Time = 0.095s

smoothSolver:  Solving for Ux, Initial residual = 0.00485188, Final residual = 2.8382e-11, No Iterations 2
smoothSolver:  Solving for Uy, Initial residual = 0.00601245, Final residual = 6.68938e-11, No Iterations 2
smoothSolver:  Solving for Uz, Initial residual = 0.00601246, Final residual = 6.68948e-11, No Iterations 2
GAMG:  Solving for p, Initial residual = 0.0036559, Final residual = 1.01553e-05, No Iterations 3
time step continuity errors : sum local = 4.39034e-10, global = 3.20066e-12
GAMG:  Solving for p, Initial residual = 0.0025475, Final residual = 6.71458e-08, No Iterations 6
time step continuity errors : sum local = 2.90306e-12, global = 6.42364e-13, cumulative = 1.32341e-09
ExecutionTime = 10.5363 s  ClockTime = 11 s

Courant Number mean: 0.163755 max: 0.173741
Time = 0.096s

smoothSolver:  Solving for Ux, Initial residual = 0.00479706, Final residual = 2.80737e-11, No Iterations 2
smoothSolver:  Solving for Uy, Initial residual = 0.00595357, Final residual = 6.61627e-11, No Iterations 2
smoothSolver:  Solving for Uz, Initial residual = 0.00595359, Final residual = 6.61638e-11, No Iterations 2
GAMG:  Solving for p, Initial residual = 0.00368401, Final residual = 1.02923e-05, No Iterations 3
time step continuity errors : sum local = 4.45259e-10, global = 3.50987e-12
GAMG:  Solving for p, Initial residual = 0.00256697, Final residual = 6.7467e-08, No Iterations 6
time step continuity errors : sum local = 2.91894e-12, global = 6.61499e-13, cumulative = 1.32408e-09
ExecutionTime = 10.6294 s  ClockTime = 11 s

Courant Number mean: 0.163756 max: 0.173839
Time = 0.097s

smoothSolver:  Solving for Ux, Initial residual = 0.00474338, Final residual = 2.77717e-11, No Iterations 2
smoothSolver:  Solving for Uy, Initial residual = 0.00589321, Final residual = 6.54433e-11, No Iterations 2
smoothSolver:  Solving for Uz, Initial residual = 0.00589322, Final residual = 6.54444e-11, No Iterations 2
GAMG:  Solving for p, Initial residual = 0.00372714, Final residual = 1.04879e-05, No Iterations 3
time step continuity errors : sum local = 4.54036e-10, global = 4.12814e-12
GAMG:  Solving for p, Initial residual = 0.00259698, Final residual = 6.79824e-08, No Iterations 6
time step continuity errors : sum local = 2.94336e-12, global = 6.83059e-13, cumulative = 1.32476e-09
ExecutionTime = 10.7202 s  ClockTime = 11 s

Courant Number mean: 0.163757 max: 0.173935
Time = 0.098s

smoothSolver:  Solving for Ux, Initial residual = 0.00469079, Final residual = 2.74759e-11, No Iterations 2
smoothSolver:  Solving for Uy, Initial residual = 0.00583099, Final residual = 6.47246e-11, No Iterations 2
smoothSolver:  Solving for Uz, Initial residual = 0.00583099, Final residual = 6.47256e-11, No Iterations 2
GAMG:  Solving for p, Initial residual = 0.00359966, Final residual = 9.90542e-06, No Iterations 3
time step continuity errors : sum local = 4.29063e-10, global = 1.90382e-12
GAMG:  Solving for p, Initial residual = 0.00250867, Final residual = 6.57776e-08, No Iterations 6
time step continuity errors : sum local = 2.84942e-12, global = 6.59707e-13, cumulative = 1.32542e-09
ExecutionTime = 10.8122 s  ClockTime = 11 s

Courant Number mean: 0.163758 max: 0.174028
Time = 0.099s

smoothSolver:  Solving for Ux, Initial residual = 0.00463927, Final residual = 2.71859e-11, No Iterations 2
smoothSolver:  Solving for Uy, Initial residual = 0.00576793, Final residual = 6.40452e-11, No Iterations 2
smoothSolver:  Solving for Uz, Initial residual = 0.00576794, Final residual = 6.40462e-11, No Iterations 2
GAMG:  Solving for p, Initial residual = 0.00353046, Final residual = 9.594e-06, No Iterations 3
time step continuity errors : sum local = 4.15798e-10, global = 7.02942e-13
GAMG:  Solving for p, Initial residual = 0.00246133, Final residual = 6.46133e-08, No Iterations 6
time step continuity errors : sum local = 2.80043e-12, global = 6.41003e-13, cumulative = 1.32606e-09
ExecutionTime = 10.9028 s  ClockTime = 11 s

Courant Number mean: 0.163759 max: 0.174118
Time = 0.1s

smoothSolver:  Solving for Ux, Initial residual = 0.00458892, Final residual = 2.69023e-11, No Iterations 2
smoothSolver:  Solving for Uy, Initial residual = 0.00571261, Final residual = 6.34048e-11, No Iterations 2
smoothSolver:  Solving for Uz, Initial residual = 0.00571262, Final residual = 6.34059e-11, No Iterations 2
GAMG:  Solving for p, Initial residual = 0.00344742, Final residual = 9.32379e-06, No Iterations 3
time step continuity errors : sum local = 4.04285e-10, global = -2.24748e-13
GAMG:  Solving for p, Initial residual = 0.00240361, Final residual = 6.34033e-08, No Iterations 6
time step continuity errors : sum local = 2.74925e-12, global = 6.23591e-13, cumulative = 1.32668e-09
ExecutionTime = 11.0688 s  ClockTime = 11 s

End

