
pimpleFoam has been superseded and replaced by the more general
incompressibleFluid solver module executed by the foamRun application:

    foamRun -solver incompressibleFluid

/*---------------------------------------------------------------------------*\
  =========                 |
  \\      /  F ield         | OpenFOAM: The Open Source CFD Toolbox
   \\    /   O peration     | Website:  https://openfoam.org
    \\  /    A nd           | Version:  12
     \\/     M anipulation  |
\*---------------------------------------------------------------------------*/
Build  : 12-86e126a7bc4d
Exec   : foamRun -solver incompressibleFluid
Date   : Jun 24 2026
Time   : 17:13:07
Host   : "atharva"
PID    : 19308
I/O    : uncollated
Case   : /home/lenovo/CFD-Portfolio/projects/06_Custom_Transient_Swirling_BC/case/swirlChamber
nProcs : 1
sigFpe : Enabling floating point exception trapping (FOAM_SIGFPE).
fileModificationChecking : Monitoring run-time modified files using timeStampMaster (fileModificationSkew 10)
allowSystemOperations : Allowing user-supplied system call operations

// * * * * * * * * * * * * * * * * * * * * * * * * * * * * * * * * * * * * * //
Create time

Create mesh for time = 0

Selecting solver incompressibleFluid
Selecting viscosity model Newtonian
Selecting turbulence model type laminar
Selecting laminar stress model Stokes
No MRF models present

Courant Number mean: 0.000909091 max: 0.0818182

PIMPLE: No convergence criteria found


PIMPLE: Operating solver in transient mode with 1 outer corrector
PIMPLE: Operating solver in PISO mode



Starting time loop

Courant Number mean: 0.000909091 max: 0.0818182
Time = 0.001s

smoothSolver:  Solving for Ux, Initial residual = 1, Final residual = 6.03831e-13, No Iterations 2
smoothSolver:  Solving for Uy, Initial residual = 1, Final residual = 5.73198e-13, No Iterations 2
smoothSolver:  Solving for Uz, Initial residual = 1, Final residual = 5.73199e-13, No Iterations 2
GAMG:  Solving for p, Initial residual = 1, Final residual = 0.00368128, No Iterations 5
time step continuity errors : sum local = 6.69323e-06, global = 1.49634e-06
GAMG:  Solving for p, Initial residual = 0.0127701, Final residual = 2.53395e-08, No Iterations 10
time step continuity errors : sum local = 2.54839e-09, global = -2.58823e-10, cumulative = -2.58823e-10
ExecutionTime = 0.321912 s  ClockTime = 0 s

Courant Number mean: 0.164974 max: 0.198384
Time = 0.002s

smoothSolver:  Solving for Ux, Initial residual = 0.995877, Final residual = 9.61283e-09, No Iterations 2
smoothSolver:  Solving for Uy, Initial residual = 0.402294, Final residual = 7.34511e-12, No Iterations 3
smoothSolver:  Solving for Uz, Initial residual = 0.402293, Final residual = 7.61583e-12, No Iterations 3
GAMG:  Solving for p, Initial residual = 0.0103787, Final residual = 0.000100646, No Iterations 4
time step continuity errors : sum local = 8.67557e-06, global = -2.76547e-06
GAMG:  Solving for p, Initial residual = 0.00549129, Final residual = 4.94551e-08, No Iterations 9
time step continuity errors : sum local = 5.7072e-09, global = 1.78741e-09, cumulative = 1.52858e-09
ExecutionTime = 0.430298 s  ClockTime = 0 s

Courant Number mean: 0.166387 max: 0.240028
Time = 0.003s

smoothSolver:  Solving for Ux, Initial residual = 0.988173, Final residual = 2.23229e-12, No Iterations 3
smoothSolver:  Solving for Uy, Initial residual = 0.189969, Final residual = 3.016e-11, No Iterations 3
smoothSolver:  Solving for Uz, Initial residual = 0.189977, Final residual = 3.78402e-11, No Iterations 3
GAMG:  Solving for p, Initial residual = 0.00453623, Final residual = 1.83949e-05, No Iterations 5
time step continuity errors : sum local = 2.09792e-06, global = 1.26979e-06
GAMG:  Solving for p, Initial residual = 0.00367731, Final residual = 5.97154e-08, No Iterations 9
time step continuity errors : sum local = 5.74123e-09, global = 1.57736e-09, cumulative = 3.10594e-09
ExecutionTime = 0.544506 s  ClockTime = 1 s

Courant Number mean: 0.167737 max: 0.277281
Time = 0.004s

smoothSolver:  Solving for Ux, Initial residual = 0.974113, Final residual = 6.18567e-12, No Iterations 3
smoothSolver:  Solving for Uy, Initial residual = 0.123243, Final residual = 7.01028e-11, No Iterations 3
smoothSolver:  Solving for Uz, Initial residual = 0.123262, Final residual = 1.01504e-10, No Iterations 3
GAMG:  Solving for p, Initial residual = 0.00788515, Final residual = 2.6594e-05, No Iterations 5
time step continuity errors : sum local = 2.56801e-06, global = -9.93274e-07
GAMG:  Solving for p, Initial residual = 0.00788217, Final residual = 7.89292e-08, No Iterations 9
time step continuity errors : sum local = 5.17242e-09, global = -1.74515e-09, cumulative = 1.36079e-09
ExecutionTime = 0.6709 s  ClockTime = 1 s

Courant Number mean: 0.169046 max: 0.310169
Time = 0.005s

smoothSolver:  Solving for Ux, Initial residual = 0.943013, Final residual = 1.43689e-11, No Iterations 3
smoothSolver:  Solving for Uy, Initial residual = 0.0990824, Final residual = 1.21755e-10, No Iterations 3
smoothSolver:  Solving for Uz, Initial residual = 0.0990881, Final residual = 1.9533e-10, No Iterations 3
GAMG:  Solving for p, Initial residual = 0.0143554, Final residual = 4.31094e-05, No Iterations 5
time step continuity errors : sum local = 2.86963e-06, global = -1.34206e-06
GAMG:  Solving for p, Initial residual = 0.018958, Final residual = 4.81488e-08, No Iterations 10
time step continuity errors : sum local = 1.65812e-09, global = 4.22007e-10, cumulative = 1.7828e-09
ExecutionTime = 0.792711 s  ClockTime = 1 s

Courant Number mean: 0.170348 max: 0.339073
Time = 0.006s

smoothSolver:  Solving for Ux, Initial residual = 0.881914, Final residual = 3.23212e-11, No Iterations 3
smoothSolver:  Solving for Uy, Initial residual = 0.0846495, Final residual = 1.90073e-10, No Iterations 3
smoothSolver:  Solving for Uz, Initial residual = 0.084644, Final residual = 3.1972e-10, No Iterations 3
GAMG:  Solving for p, Initial residual = 0.0242027, Final residual = 7.28561e-05, No Iterations 5
time step continuity errors : sum local = 2.59028e-06, global = -1.11694e-06
GAMG:  Solving for p, Initial residual = 0.096702, Final residual = 5.67824e-08, No Iterations 11
time step continuity errors : sum local = 3.44809e-10, global = -1.40817e-10, cumulative = 1.64199e-09
ExecutionTime = 0.913497 s  ClockTime = 1 s

Courant Number mean: 0.171636 max: 0.363806
Time = 0.007s

smoothSolver:  Solving for Ux, Initial residual = 0.580285, Final residual = 1.08101e-10, No Iterations 3
smoothSolver:  Solving for Uy, Initial residual = 0.0724261, Final residual = 2.59371e-10, No Iterations 3
smoothSolver:  Solving for Uz, Initial residual = 0.0724324, Final residual = 4.50276e-10, No Iterations 3
GAMG:  Solving for p, Initial residual = 0.0913163, Final residual = 0.000838416, No Iterations 4
time step continuity errors : sum local = 5.82938e-06, global = 2.01872e-06
GAMG:  Solving for p, Initial residual = 0.028089, Final residual = 5.70412e-08, No Iterations 10
time step continuity errors : sum local = 8.93475e-10, global = 2.11801e-10, cumulative = 1.85379e-09
ExecutionTime = 1.02998 s  ClockTime = 1 s

Courant Number mean: 0.172914 max: 0.385333
Time = 0.008s

smoothSolver:  Solving for Ux, Initial residual = 0.83497, Final residual = 4.05881e-11, No Iterations 3
smoothSolver:  Solving for Uy, Initial residual = 0.0631093, Final residual = 3.27361e-10, No Iterations 3
smoothSolver:  Solving for Uz, Initial residual = 0.0631253, Final residual = 5.79833e-10, No Iterations 3
GAMG:  Solving for p, Initial residual = 0.0260584, Final residual = 0.000169974, No Iterations 4
time step continuity errors : sum local = 2.56528e-06, global = 7.24283e-07
GAMG:  Solving for p, Initial residual = 0.0107978, Final residual = 4.85478e-08, No Iterations 9
time step continuity errors : sum local = 1.21601e-09, global = 1.327e-10, cumulative = 1.98649e-09
ExecutionTime = 1.16046 s  ClockTime = 1 s

Courant Number mean: 0.174183 max: 0.404247
Time = 0.009s

smoothSolver:  Solving for Ux, Initial residual = 0.898551, Final residual = 1.09912e-11, No Iterations 3
smoothSolver:  Solving for Uy, Initial residual = 0.056681, Final residual = 4.02924e-10, No Iterations 3
smoothSolver:  Solving for Uz, Initial residual = 0.0566976, Final residual = 7.11156e-10, No Iterations 3
GAMG:  Solving for p, Initial residual = 0.0147588, Final residual = 0.000116749, No Iterations 3
time step continuity errors : sum local = 2.89108e-06, global = 1.13344e-06
GAMG:  Solving for p, Initial residual = 0.00990053, Final residual = 8.03299e-08, No Iterations 8
time step continuity errors : sum local = 2.05855e-09, global = -9.72242e-10, cumulative = 1.01424e-09
ExecutionTime = 1.27005 s  ClockTime = 1 s

Courant Number mean: 0.175443 max: 0.420816
Time = 0.01s

smoothSolver:  Solving for Ux, Initial residual = 0.906015, Final residual = 3.55936e-11, No Iterations 3
smoothSolver:  Solving for Uy, Initial residual = 0.0520016, Final residual = 4.8989e-10, No Iterations 3
smoothSolver:  Solving for Uz, Initial residual = 0.0520147, Final residual = 8.38176e-10, No Iterations 3
GAMG:  Solving for p, Initial residual = 0.0155202, Final residual = 4.08861e-05, No Iterations 5
time step continuity errors : sum local = 1.04836e-06, global = 6.70049e-07
GAMG:  Solving for p, Initial residual = 0.0130392, Final residual = 3.13658e-08, No Iterations 10
time step continuity errors : sum local = 6.61924e-10, global = -1.64124e-10, cumulative = 8.50121e-10
ExecutionTime = 1.396 s  ClockTime = 1 s

Courant Number mean: 0.176697 max: 0.435229
Time = 0.011s

smoothSolver:  Solving for Ux, Initial residual = 0.890876, Final residual = 5.96702e-11, No Iterations 3
smoothSolver:  Solving for Uy, Initial residual = 0.048192, Final residual = 5.855e-10, No Iterations 3
smoothSolver:  Solving for Uz, Initial residual = 0.0481972, Final residual = 9.52213e-10, No Iterations 3
GAMG:  Solving for p, Initial residual = 0.0174813, Final residual = 5.38836e-05, No Iterations 5
time step continuity errors : sum local = 1.14461e-06, global = 7.27734e-07
GAMG:  Solving for p, Initial residual = 0.0177015, Final residual = 5.14519e-08, No Iterations 10
time step continuity errors : sum local = 7.49929e-10, global = -1.96382e-10, cumulative = 6.53739e-10
ExecutionTime = 1.51811 s  ClockTime = 1 s

Courant Number mean: 0.177941 max: 0.447547
Time = 0.012s

smoothSolver:  Solving for Ux, Initial residual = 0.842503, Final residual = 7.12221e-11, No Iterations 3
smoothSolver:  Solving for Uy, Initial residual = 0.0446653, Final residual = 6.80124e-10, No Iterations 3
smoothSolver:  Solving for Uz, Initial residual = 0.0446651, Final residual = 1.04223e-09, No Iterations 3
GAMG:  Solving for p, Initial residual = 0.0227286, Final residual = 6.76777e-05, No Iterations 5
time step continuity errors : sum local = 9.99626e-07, global = 6.05816e-07
GAMG:  Solving for p, Initial residual = 0.0291159, Final residual = 8.06956e-08, No Iterations 10
time step continuity errors : sum local = 6.44999e-10, global = -1.597e-10, cumulative = 4.94039e-10
ExecutionTime = 1.63531 s  ClockTime = 2 s

Courant Number mean: 0.179174 max: 0.457933
Time = 0.013s

smoothSolver:  Solving for Ux, Initial residual = 0.727521, Final residual = 5.04393e-11, No Iterations 3
smoothSolver:  Solving for Uy, Initial residual = 0.0414775, Final residual = 7.66287e-10, No Iterations 3
smoothSolver:  Solving for Uz, Initial residual = 0.0414803, Final residual = 1.10399e-09, No Iterations 3
GAMG:  Solving for p, Initial residual = 0.0334301, Final residual = 0.000313673, No Iterations 4
time step continuity errors : sum local = 2.56802e-06, global = -8.7904e-07
GAMG:  Solving for p, Initial residual = 0.0874461, Final residual = 5.15922e-08, No Iterations 11
time step continuity errors : sum local = 1.11793e-10, global = 6.27587e-11, cumulative = 5.56798e-10
ExecutionTime = 1.75507 s  ClockTime = 2 s

Courant Number mean: 0.180395 max: 0.466737
Time = 0.014s

smoothSolver:  Solving for Ux, Initial residual = 0.421255, Final residual = 2.65962e-10, No Iterations 3
smoothSolver:  Solving for Uy, Initial residual = 0.0387478, Final residual = 8.39313e-10, No Iterations 3
smoothSolver:  Solving for Uz, Initial residual = 0.0387541, Final residual = 1.13681e-09, No Iterations 3
GAMG:  Solving for p, Initial residual = 0.0852904, Final residual = 0.000587477, No Iterations 4
time step continuity errors : sum local = 1.34856e-06, global = -5.11078e-07
GAMG:  Solving for p, Initial residual = 0.0451203, Final residual = 7.03494e-08, No Iterations 10
time step continuity errors : sum local = 2.1024e-10, global = -3.17594e-11, cumulative = 5.25039e-10
ExecutionTime = 1.87551 s  ClockTime = 2 s

Courant Number mean: 0.181602 max: 0.47542
Time = 0.015s

smoothSolver:  Solving for Ux, Initial residual = 0.479364, Final residual = 5.836e-10, No Iterations 3
smoothSolver:  Solving for Uy, Initial residual = 0.0363653, Final residual = 8.93649e-10, No Iterations 3
smoothSolver:  Solving for Uz, Initial residual = 0.0363719, Final residual = 1.14347e-09, No Iterations 3
GAMG:  Solving for p, Initial residual = 0.0499597, Final residual = 0.00016063, No Iterations 5
time step continuity errors : sum local = 4.65631e-07, global = -2.27642e-07
GAMG:  Solving for p, Initial residual = 0.0169203, Final residual = 4.82868e-08, No Iterations 10
time step continuity errors : sum local = 2.82209e-10, global = 1.05976e-10, cumulative = 6.31014e-10
ExecutionTime = 2.00984 s  ClockTime = 2 s

Courant Number mean: 0.182795 max: 0.483854
Time = 0.016s

smoothSolver:  Solving for Ux, Initial residual = 0.666495, Final residual = 6.71433e-10, No Iterations 3
smoothSolver:  Solving for Uy, Initial residual = 0.0342007, Final residual = 9.29106e-10, No Iterations 3
smoothSolver:  Solving for Uz, Initial residual = 0.0342052, Final residual = 1.131e-09, No Iterations 3
GAMG:  Solving for p, Initial residual = 0.0278241, Final residual = 0.000130332, No Iterations 5
time step continuity errors : sum local = 7.54774e-07, global = -2.97056e-07
GAMG:  Solving for p, Initial residual = 0.0156127, Final residual = 4.8285e-08, No Iterations 10
time step continuity errors : sum local = 3.44781e-10, global = 1.81045e-10, cumulative = 8.12059e-10
ExecutionTime = 2.17364 s  ClockTime = 2 s

Courant Number mean: 0.183974 max: 0.491029
Time = 0.017s

smoothSolver:  Solving for Ux, Initial residual = 0.704676, Final residual = 8.10811e-10, No Iterations 3
smoothSolver:  Solving for Uy, Initial residual = 0.0322429, Final residual = 9.46521e-10, No Iterations 3
smoothSolver:  Solving for Uz, Initial residual = 0.0322449, Final residual = 1.10481e-09, No Iterations 3
GAMG:  Solving for p, Initial residual = 0.0228786, Final residual = 8.81101e-05, No Iterations 3
time step continuity errors : sum local = 6.27461e-07, global = -3.61621e-08
GAMG:  Solving for p, Initial residual = 0.0156413, Final residual = 3.60498e-08, No Iterations 9
time step continuity errors : sum local = 2.60171e-10, global = 4.70435e-11, cumulative = 8.59103e-10
ExecutionTime = 2.30222 s  ClockTime = 2 s

Courant Number mean: 0.185139 max: 0.497081
Time = 0.018s

smoothSolver:  Solving for Ux, Initial residual = 0.696377, Final residual = 9.98127e-10, No Iterations 3
smoothSolver:  Solving for Uy, Initial residual = 0.0305218, Final residual = 9.50306e-10, No Iterations 3
smoothSolver:  Solving for Uz, Initial residual = 0.0305219, Final residual = 1.07125e-09, No Iterations 3
GAMG:  Solving for p, Initial residual = 0.0198266, Final residual = 9.51073e-05, No Iterations 5
time step continuity errors : sum local = 6.86857e-07, global = -4.00347e-07
GAMG:  Solving for p, Initial residual = 0.0153424, Final residual = 5.84889e-08, No Iterations 10
time step continuity errors : sum local = 3.79119e-10, global = 7.45738e-11, cumulative = 9.33677e-10
ExecutionTime = 2.43614 s  ClockTime = 2 s

Courant Number mean: 0.186288 max: 0.502128
Time = 0.019s

smoothSolver:  Solving for Ux, Initial residual = 0.656162, Final residual = 1.22293e-09, No Iterations 3
smoothSolver:  Solving for Uy, Initial residual = 0.0290076, Final residual = 9.45896e-10, No Iterations 3
smoothSolver:  Solving for Uz, Initial residual = 0.0290082, Final residual = 1.03826e-09, No Iterations 3
GAMG:  Solving for p, Initial residual = 0.0177958, Final residual = 5.84635e-05, No Iterations 5
time step continuity errors : sum local = 3.79976e-07, global = -2.38404e-07
GAMG:  Solving for p, Initial residual = 0.0151399, Final residual = 4.38209e-08, No Iterations 10
time step continuity errors : sum local = 2.33124e-10, global = 5.32999e-11, cumulative = 9.86976e-10
ExecutionTime = 2.61313 s  ClockTime = 3 s

Courant Number mean: 0.187419 max: 0.506275
Time = 0.02s

smoothSolver:  Solving for Ux, Initial residual = 0.588147, Final residual = 1.47535e-09, No Iterations 3
smoothSolver:  Solving for Uy, Initial residual = 0.0276875, Final residual = 9.37577e-10, No Iterations 3
smoothSolver:  Solving for Uz, Initial residual = 0.0276891, Final residual = 1.0154e-09, No Iterations 3
GAMG:  Solving for p, Initial residual = 0.0167954, Final residual = 0.000161681, No Iterations 4
time step continuity errors : sum local = 8.64297e-07, global = 3.11201e-07
GAMG:  Solving for p, Initial residual = 0.0153668, Final residual = 3.4528e-08, No Iterations 10
time step continuity errors : sum local = 1.40006e-10, global = 3.82029e-11, cumulative = 1.02518e-09
ExecutionTime = 2.80577 s  ClockTime = 3 s

Courant Number mean: 0.188532 max: 0.509635
Time = 0.021s

smoothSolver:  Solving for Ux, Initial residual = 0.495141, Final residual = 1.73527e-09, No Iterations 3
smoothSolver:  Solving for Uy, Initial residual = 0.0265008, Final residual = 9.30678e-10, No Iterations 3
smoothSolver:  Solving for Uz, Initial residual = 0.0265029, Final residual = 1.00043e-09, No Iterations 3
GAMG:  Solving for p, Initial residual = 0.0172133, Final residual = 9.38193e-05, No Iterations 4
time step continuity errors : sum local = 3.82197e-07, global = 1.48925e-07
GAMG:  Solving for p, Initial residual = 0.0168193, Final residual = 8.93352e-08, No Iterations 9
time step continuity errors : sum local = 2.56651e-10, global = -1.41088e-10, cumulative = 8.84091e-10
ExecutionTime = 2.93183 s  ClockTime = 3 s

Courant Number mean: 0.189625 max: 0.512314
Time = 0.022s

smoothSolver:  Solving for Ux, Initial residual = 0.373247, Final residual = 1.91652e-09, No Iterations 3
smoothSolver:  Solving for Uy, Initial residual = 0.0254182, Final residual = 9.28731e-10, No Iterations 3
smoothSolver:  Solving for Uz, Initial residual = 0.02542, Final residual = 9.91285e-10, No Iterations 3
GAMG:  Solving for p, Initial residual = 0.017522, Final residual = 0.00015445, No Iterations 4
time step continuity errors : sum local = 4.46269e-07, global = -1.65343e-07
GAMG:  Solving for p, Initial residual = 0.0181476, Final residual = 3.96936e-08, No Iterations 10
time step continuity errors : sum local = 7.56103e-11, global = -3.53848e-11, cumulative = 8.48706e-10
ExecutionTime = 3.06177 s  ClockTime = 3 s

Courant Number mean: 0.190698 max: 0.514409
Time = 0.023s

smoothSolver:  Solving for Ux, Initial residual = 0.252741, Final residual = 2.04208e-09, No Iterations 3
smoothSolver:  Solving for Uy, Initial residual = 0.0244736, Final residual = 9.47455e-10, No Iterations 3
smoothSolver:  Solving for Uz, Initial residual = 0.0244747, Final residual = 9.96769e-10, No Iterations 3
GAMG:  Solving for p, Initial residual = 0.0308532, Final residual = 0.000155859, No Iterations 5
time step continuity errors : sum local = 2.99751e-07, global = 1.71338e-07
GAMG:  Solving for p, Initial residual = 0.0334862, Final residual = 3.74681e-08, No Iterations 11
time step continuity errors : sum local = 4.56121e-11, global = 8.71564e-12, cumulative = 8.57422e-10
ExecutionTime = 3.18462 s  ClockTime = 3 s

Courant Number mean: 0.191752 max: 0.516013
Time = 0.024s

smoothSolver:  Solving for Ux, Initial residual = 0.155182, Final residual = 2.12778e-09, No Iterations 3
smoothSolver:  Solving for Uy, Initial residual = 0.0237261, Final residual = 1.03362e-09, No Iterations 3
smoothSolver:  Solving for Uz, Initial residual = 0.0237265, Final residual = 1.02876e-09, No Iterations 3
GAMG:  Solving for p, Initial residual = 0.0485942, Final residual = 0.000174174, No Iterations 5
time step continuity errors : sum local = 2.13761e-07, global = 8.52816e-08
GAMG:  Solving for p, Initial residual = 0.0515578, Final residual = 3.35195e-08, No Iterations 11
time step continuity errors : sum local = 2.67673e-11, global = 5.81757e-12, cumulative = 8.63239e-10
ExecutionTime = 3.32979 s  ClockTime = 3 s

Courant Number mean: 0.192785 max: 0.519838
Time = 0.025s

smoothSolver:  Solving for Ux, Initial residual = 0.0933152, Final residual = 2.21236e-09, No Iterations 3
smoothSolver:  Solving for Uy, Initial residual = 0.0230333, Final residual = 1.14669e-09, No Iterations 3
smoothSolver:  Solving for Uz, Initial residual = 0.0230334, Final residual = 1.0785e-09, No Iterations 3
GAMG:  Solving for p, Initial residual = 0.0683722, Final residual = 0.000256415, No Iterations 4
time step continuity errors : sum local = 2.06096e-07, global = -7.89014e-08
GAMG:  Solving for p, Initial residual = 0.0617877, Final residual = 4.16391e-08, No Iterations 10
time step continuity errors : sum local = 2.56333e-11, global = -1.17497e-11, cumulative = 8.5149e-10
ExecutionTime = 3.50642 s  ClockTime = 3 s

Courant Number mean: 0.193795 max: 0.526027
Time = 0.026s

smoothSolver:  Solving for Ux, Initial residual = 0.0657144, Final residual = 2.30315e-09, No Iterations 3
smoothSolver:  Solving for Uy, Initial residual = 0.0223499, Final residual = 1.25534e-09, No Iterations 3
smoothSolver:  Solving for Uz, Initial residual = 0.0223501, Final residual = 1.13371e-09, No Iterations 3
GAMG:  Solving for p, Initial residual = 0.0761242, Final residual = 0.000200288, No Iterations 3
time step continuity errors : sum local = 1.23721e-07, global = 6.32135e-09
GAMG:  Solving for p, Initial residual = 0.0531801, Final residual = 6.19808e-08, No Iterations 8
time step continuity errors : sum local = 3.79642e-11, global = 1.16127e-12, cumulative = 8.52651e-10
ExecutionTime = 3.67848 s  ClockTime = 4 s

Courant Number mean: 0.194783 max: 0.53123
Time = 0.027s

smoothSolver:  Solving for Ux, Initial residual = 0.0626644, Final residual = 2.40325e-09, No Iterations 3
smoothSolver:  Solving for Uy, Initial residual = 0.0216643, Final residual = 1.35246e-09, No Iterations 3
smoothSolver:  Solving for Uz, Initial residual = 0.0216646, Final residual = 1.19501e-09, No Iterations 3
GAMG:  Solving for p, Initial residual = 0.0604278, Final residual = 0.000540379, No Iterations 4
time step continuity errors : sum local = 3.2976e-07, global = -2.47629e-07
GAMG:  Solving for p, Initial residual = 0.0359476, Final residual = 9.7451e-08, No Iterations 10
time step continuity errors : sum local = 6.94554e-11, global = -1.6249e-11, cumulative = 8.36402e-10
ExecutionTime = 3.86047 s  ClockTime = 4 s

Courant Number mean: 0.195749 max: 0.535566
Time = 0.028s

smoothSolver:  Solving for Ux, Initial residual = 0.0732499, Final residual = 2.50987e-09, No Iterations 3
smoothSolver:  Solving for Uy, Initial residual = 0.020986, Final residual = 1.43322e-09, No Iterations 3
smoothSolver:  Solving for Uz, Initial residual = 0.0209862, Final residual = 1.26239e-09, No Iterations 3
GAMG:  Solving for p, Initial residual = 0.0379102, Final residual = 0.000221485, No Iterations 4
time step continuity errors : sum local = 1.58744e-07, global = -5.54518e-08
GAMG:  Solving for p, Initial residual = 0.0214955, Final residual = 9.69886e-08, No Iterations 9
time step continuity errors : sum local = 8.53065e-11, global = 5.20826e-11, cumulative = 8.88485e-10
ExecutionTime = 4.03742 s  ClockTime = 4 s

Courant Number mean: 0.196688 max: 0.539148
Time = 0.029s

smoothSolver:  Solving for Ux, Initial residual = 0.0892013, Final residual = 2.60648e-09, No Iterations 3
smoothSolver:  Solving for Uy, Initial residual = 0.0203343, Final residual = 1.49333e-09, No Iterations 3
smoothSolver:  Solving for Uz, Initial residual = 0.0203345, Final residual = 1.32833e-09, No Iterations 3
GAMG:  Solving for p, Initial residual = 0.0249695, Final residual = 6.47642e-05, No Iterations 4
time step continuity errors : sum local = 5.67915e-08, global = -2.26721e-08
GAMG:  Solving for p, Initial residual = 0.0144532, Final residual = 2.86624e-08, No Iterations 9
time step continuity errors : sum local = 3.00529e-11, global = 1.10422e-11, cumulative = 8.99527e-10
ExecutionTime = 4.20596 s  ClockTime = 4 s

Courant Number mean: 0.197604 max: 0.542088
Time = 0.03s

smoothSolver:  Solving for Ux, Initial residual = 0.104534, Final residual = 2.68806e-09, No Iterations 3
smoothSolver:  Solving for Uy, Initial residual = 0.0197231, Final residual = 1.53437e-09, No Iterations 3
smoothSolver:  Solving for Uz, Initial residual = 0.0197231, Final residual = 1.38877e-09, No Iterations 3
GAMG:  Solving for p, Initial residual = 0.0209332, Final residual = 0.000205713, No Iterations 4
time step continuity errors : sum local = 2.14986e-07, global = 1.08165e-07
GAMG:  Solving for p, Initial residual = 0.0126695, Final residual = 2.72209e-08, No Iterations 10
time step continuity errors : sum local = 3.24715e-11, global = 1.77955e-11, cumulative = 9.17322e-10
ExecutionTime = 4.37857 s  ClockTime = 4 s

Courant Number mean: 0.198495 max: 0.544493
Time = 0.031s

smoothSolver:  Solving for Ux, Initial residual = 0.11601, Final residual = 2.74845e-09, No Iterations 3
smoothSolver:  Solving for Uy, Initial residual = 0.0191459, Final residual = 1.55776e-09, No Iterations 3
smoothSolver:  Solving for Uz, Initial residual = 0.019146, Final residual = 1.44168e-09, No Iterations 3
GAMG:  Solving for p, Initial residual = 0.0204229, Final residual = 0.000159923, No Iterations 4
time step continuity errors : sum local = 1.9051e-07, global = 1.13082e-07
GAMG:  Solving for p, Initial residual = 0.012973, Final residual = 7.49645e-08, No Iterations 9
time step continuity errors : sum local = 9.72441e-11, global = -1.91229e-11, cumulative = 8.98199e-10
ExecutionTime = 4.54637 s  ClockTime = 5 s

Courant Number mean: 0.199361 max: 0.546448
Time = 0.032s

smoothSolver:  Solving for Ux, Initial residual = 0.122421, Final residual = 2.7863e-09, No Iterations 3
smoothSolver:  Solving for Uy, Initial residual = 0.018605, Final residual = 1.57841e-09, No Iterations 3
smoothSolver:  Solving for Uz, Initial residual = 0.018605, Final residual = 1.48998e-09, No Iterations 3
GAMG:  Solving for p, Initial residual = 0.0187904, Final residual = 0.000127745, No Iterations 3
time step continuity errors : sum local = 1.65561e-07, global = -6.35543e-08
GAMG:  Solving for p, Initial residual = 0.0124585, Final residual = 8.68339e-08, No Iterations 8
time step continuity errors : sum local = 1.17288e-10, global = 5.75521e-11, cumulative = 9.55752e-10
ExecutionTime = 4.70528 s  ClockTime = 5 s

Courant Number mean: 0.200201 max: 0.548032
Time = 0.033s

smoothSolver:  Solving for Ux, Initial residual = 0.123735, Final residual = 2.79682e-09, No Iterations 3
smoothSolver:  Solving for Uy, Initial residual = 0.0180906, Final residual = 1.59784e-09, No Iterations 3
smoothSolver:  Solving for Uz, Initial residual = 0.0180907, Final residual = 1.53536e-09, No Iterations 3
GAMG:  Solving for p, Initial residual = 0.0171363, Final residual = 4.64583e-05, No Iterations 3
time step continuity errors : sum local = 6.27947e-08, global = 1.47457e-09
GAMG:  Solving for p, Initial residual = 0.0117669, Final residual = 2.38869e-08, No Iterations 8
time step continuity errors : sum local = 3.24825e-11, global = -1.0705e-11, cumulative = 9.45047e-10
ExecutionTime = 4.84498 s  ClockTime = 5 s

Courant Number mean: 0.201012 max: 0.549323
Time = 0.034s

smoothSolver:  Solving for Ux, Initial residual = 0.120517, Final residual = 2.78047e-09, No Iterations 3
smoothSolver:  Solving for Uy, Initial residual = 0.0176248, Final residual = 1.6382e-09, No Iterations 3
smoothSolver:  Solving for Uz, Initial residual = 0.0176249, Final residual = 1.58019e-09, No Iterations 3
GAMG:  Solving for p, Initial residual = 0.0161293, Final residual = 4.72539e-05, No Iterations 4
time step continuity errors : sum local = 6.42792e-08, global = 5.39272e-08
GAMG:  Solving for p, Initial residual = 0.0113831, Final residual = 6.77401e-08, No Iterations 9
time step continuity errors : sum local = 9.01263e-11, global = -4.63525e-11, cumulative = 8.98694e-10
ExecutionTime = 4.96317 s  ClockTime = 5 s

Courant Number mean: 0.201798 max: 0.554109
Time = 0.035s

smoothSolver:  Solving for Ux, Initial residual = 0.113855, Final residual = 2.74351e-09, No Iterations 3
smoothSolver:  Solving for Uy, Initial residual = 0.0172338, Final residual = 1.70761e-09, No Iterations 3
smoothSolver:  Solving for Uz, Initial residual = 0.0172339, Final residual = 1.62772e-09, No Iterations 3
GAMG:  Solving for p, Initial residual = 0.0152024, Final residual = 6.73157e-05, No Iterations 4
time step continuity errors : sum local = 8.95283e-08, global = 4.10107e-08
GAMG:  Solving for p, Initial residual = 0.0109932, Final residual = 3.82381e-08, No Iterations 9
time step continuity errors : sum local = 4.85643e-11, global = -2.63823e-11, cumulative = 8.72312e-10
ExecutionTime = 5.08157 s  ClockTime = 5 s

Courant Number mean: 0.202554 max: 0.558862
Time = 0.036s

smoothSolver:  Solving for Ux, Initial residual = 0.104962, Final residual = 2.68854e-09, No Iterations 3
smoothSolver:  Solving for Uy, Initial residual = 0.0168976, Final residual = 1.77811e-09, No Iterations 3
smoothSolver:  Solving for Uz, Initial residual = 0.0168977, Final residual = 1.67716e-09, No Iterations 3
GAMG:  Solving for p, Initial residual = 0.0149223, Final residual = 3.80133e-05, No Iterations 4
time step continuity errors : sum local = 4.82921e-08, global = 1.40085e-08
GAMG:  Solving for p, Initial residual = 0.0109889, Final residual = 7.29863e-08, No Iterations 8
time step continuity errors : sum local = 8.69004e-11, global = 1.27883e-11, cumulative = 8.851e-10
ExecutionTime = 5.19871 s  ClockTime = 5 s

Courant Number mean: 0.203282 max: 0.562912
Time = 0.037s

smoothSolver:  Solving for Ux, Initial residual = 0.094991, Final residual = 2.62083e-09, No Iterations 3
smoothSolver:  Solving for Uy, Initial residual = 0.016573, Final residual = 1.84026e-09, No Iterations 3
smoothSolver:  Solving for Uz, Initial residual = 0.016573, Final residual = 1.72798e-09, No Iterations 3
GAMG:  Solving for p, Initial residual = 0.014963, Final residual = 0.00014686, No Iterations 3
time step continuity errors : sum local = 1.75159e-07, global = -7.23911e-09
GAMG:  Solving for p, Initial residual = 0.0111434, Final residual = 2.86757e-08, No Iterations 8
time step continuity errors : sum local = 3.16551e-11, global = 9.18146e-12, cumulative = 8.94281e-10
ExecutionTime = 5.31271 s  ClockTime = 5 s

Courant Number mean: 0.203981 max: 0.566267
Time = 0.038s

smoothSolver:  Solving for Ux, Initial residual = 0.0848081, Final residual = 2.54611e-09, No Iterations 3
smoothSolver:  Solving for Uy, Initial residual = 0.0162468, Final residual = 1.88928e-09, No Iterations 3
smoothSolver:  Solving for Uz, Initial residual = 0.0162469, Final residual = 1.77837e-09, No Iterations 3
GAMG:  Solving for p, Initial residual = 0.0168029, Final residual = 8.20051e-05, No Iterations 4
time step continuity errors : sum local = 9.07245e-08, global = -2.04193e-08
GAMG:  Solving for p, Initial residual = 0.0126114, Final residual = 7.38715e-08, No Iterations 9
time step continuity errors : sum local = 7.50519e-11, global = 2.39463e-11, cumulative = 9.18228e-10
ExecutionTime = 5.42762 s  ClockTime = 5 s

Courant Number mean: 0.204651 max: 0.569023
Time = 0.039s

smoothSolver:  Solving for Ux, Initial residual = 0.0750583, Final residual = 2.46674e-09, No Iterations 3
smoothSolver:  Solving for Uy, Initial residual = 0.0159153, Final residual = 1.92307e-09, No Iterations 3
smoothSolver:  Solving for Uz, Initial residual = 0.0159154, Final residual = 1.82582e-09, No Iterations 3
GAMG:  Solving for p, Initial residual = 0.0187983, Final residual = 0.000100859, No Iterations 4
time step continuity errors : sum local = 1.02809e-07, global = -3.65224e-08
GAMG:  Solving for p, Initial residual = 0.014168, Final residual = 6.35938e-08, No Iterations 9
time step continuity errors : sum local = 5.93227e-11, global = 1.66401e-11, cumulative = 9.34868e-10
ExecutionTime = 5.5369 s  ClockTime = 6 s

Courant Number mean: 0.205292 max: 0.571248
Time = 0.04s

smoothSolver:  Solving for Ux, Initial residual = 0.066141, Final residual = 2.38628e-09, No Iterations 3
smoothSolver:  Solving for Uy, Initial residual = 0.0155771, Final residual = 1.95198e-09, No Iterations 3
smoothSolver:  Solving for Uz, Initial residual = 0.0155772, Final residual = 1.86884e-09, No Iterations 3
GAMG:  Solving for p, Initial residual = 0.0203764, Final residual = 0.000104606, No Iterations 4
time step continuity errors : sum local = 9.7912e-08, global = -3.75818e-08
GAMG:  Solving for p, Initial residual = 0.0153654, Final residual = 6.37298e-08, No Iterations 9
time step continuity errors : sum local = 5.45807e-11, global = 1.47549e-11, cumulative = 9.49623e-10
ExecutionTime = 5.72119 s  ClockTime = 6 s

Courant Number mean: 0.205903 max: 0.573029
Time = 0.041s

smoothSolver:  Solving for Ux, Initial residual = 0.0582081, Final residual = 2.3073e-09, No Iterations 3
smoothSolver:  Solving for Uy, Initial residual = 0.0152428, Final residual = 1.97547e-09, No Iterations 3
smoothSolver:  Solving for Uz, Initial residual = 0.0152428, Final residual = 1.91113e-09, No Iterations 3
GAMG:  Solving for p, Initial residual = 0.0219949, Final residual = 9.66289e-05, No Iterations 4
time step continuity errors : sum local = 8.30909e-08, global = -3.14539e-08
GAMG:  Solving for p, Initial residual = 0.0165257, Final residual = 5.7652e-08, No Iterations 9
time step continuity errors : sum local = 4.54438e-11, global = 1.19397e-11, cumulative = 9.61563e-10
ExecutionTime = 5.83055 s  ClockTime = 6 s

Courant Number mean: 0.206483 max: 0.574441
Time = 0.042s

smoothSolver:  Solving for Ux, Initial residual = 0.0512836, Final residual = 2.22899e-09, No Iterations 3
smoothSolver:  Solving for Uy, Initial residual = 0.0149152, Final residual = 1.99262e-09, No Iterations 3
smoothSolver:  Solving for Uz, Initial residual = 0.0149153, Final residual = 1.94882e-09, No Iterations 3
GAMG:  Solving for p, Initial residual = 0.0235087, Final residual = 0.00021738, No Iterations 3
time step continuity errors : sum local = 1.72122e-07, global = 1.01568e-07
GAMG:  Solving for p, Initial residual = 0.0175555, Final residual = 4.57325e-08, No Iterations 9
time step continuity errors : sum local = 3.33745e-11, global = 8.39291e-12, cumulative = 9.69955e-10
ExecutionTime = 5.94061 s  ClockTime = 6 s

Courant Number mean: 0.207031 max: 0.575554
Time = 0.043s

smoothSolver:  Solving for Ux, Initial residual = 0.0452557, Final residual = 2.15102e-09, No Iterations 3
smoothSolver:  Solving for Uy, Initial residual = 0.0146145, Final residual = 2.02242e-09, No Iterations 3
smoothSolver:  Solving for Uz, Initial residual = 0.0146145, Final residual = 1.98556e-09, No Iterations 3
GAMG:  Solving for p, Initial residual = 0.0248414, Final residual = 0.000164747, No Iterations 3
time step continuity errors : sum local = 1.20382e-07, global = 5.77778e-08
GAMG:  Solving for p, Initial residual = 0.0185247, Final residual = 2.58569e-08, No Iterations 9
time step continuity errors : sum local = 1.74234e-11, global = 3.15641e-12, cumulative = 9.73112e-10
ExecutionTime = 6.05296 s  ClockTime = 6 s

Courant Number mean: 0.207548 max: 0.576424
Time = 0.044s

smoothSolver:  Solving for Ux, Initial residual = 0.0400178, Final residual = 2.07494e-09, No Iterations 3
smoothSolver:  Solving for Uy, Initial residual = 0.0143416, Final residual = 2.06358e-09, No Iterations 3
smoothSolver:  Solving for Uz, Initial residual = 0.0143417, Final residual = 2.01985e-09, No Iterations 3
GAMG:  Solving for p, Initial residual = 0.0265265, Final residual = 0.000108223, No Iterations 3
time step continuity errors : sum local = 7.31121e-08, global = 2.09161e-08
GAMG:  Solving for p, Initial residual = 0.0197765, Final residual = 5.31191e-08, No Iterations 8
time step continuity errors : sum local = 3.30611e-11, global = 1.86321e-12, cumulative = 9.74975e-10
ExecutionTime = 6.20513 s  ClockTime = 6 s

Courant Number mean: 0.208035 max: 0.577098
Time = 0.045s

smoothSolver:  Solving for Ux, Initial residual = 0.035345, Final residual = 1.99811e-09, No Iterations 3
smoothSolver:  Solving for Uy, Initial residual = 0.014104, Final residual = 2.10905e-09, No Iterations 3
smoothSolver:  Solving for Uz, Initial residual = 0.0141041, Final residual = 2.05136e-09, No Iterations 3
GAMG:  Solving for p, Initial residual = 0.0286477, Final residual = 0.000119166, No Iterations 3
time step continuity errors : sum local = 7.44498e-08, global = 1.29859e-09
GAMG:  Solving for p, Initial residual = 0.0214255, Final residual = 7.66143e-08, No Iterations 8
time step continuity errors : sum local = 4.39639e-11, global = 1.07407e-11, cumulative = 9.85716e-10
ExecutionTime = 6.35126 s  ClockTime = 6 s

Courant Number mean: 0.20849 max: 0.579728
Time = 0.046s

smoothSolver:  Solving for Ux, Initial residual = 0.031083, Final residual = 1.92137e-09, No Iterations 3
smoothSolver:  Solving for Uy, Initial residual = 0.0138844, Final residual = 2.14467e-09, No Iterations 3
smoothSolver:  Solving for Uz, Initial residual = 0.0138845, Final residual = 2.07977e-09, No Iterations 3
GAMG:  Solving for p, Initial residual = 0.0318127, Final residual = 0.000166696, No Iterations 3
time step continuity errors : sum local = 9.6137e-08, global = -8.06143e-09
GAMG:  Solving for p, Initial residual = 0.0239032, Final residual = 2.64252e-08, No Iterations 10
time step continuity errors : sum local = 1.3923e-11, global = 6.75967e-12, cumulative = 9.92475e-10
ExecutionTime = 6.51923 s  ClockTime = 6 s

Courant Number mean: 0.208913 max: 0.58225
Time = 0.047s

smoothSolver:  Solving for Ux, Initial residual = 0.0270706, Final residual = 1.8392e-09, No Iterations 3
smoothSolver:  Solving for Uy, Initial residual = 0.0136622, Final residual = 2.17095e-09, No Iterations 3
smoothSolver:  Solving for Uz, Initial residual = 0.0136623, Final residual = 2.10594e-09, No Iterations 3
GAMG:  Solving for p, Initial residual = 0.0348278, Final residual = 0.000206076, No Iterations 3
time step continuity errors : sum local = 1.09062e-07, global = -1.36209e-08
GAMG:  Solving for p, Initial residual = 0.0264342, Final residual = 2.20441e-08, No Iterations 10
time step continuity errors : sum local = 1.0558e-11, global = 3.60011e-12, cumulative = 9.96076e-10
ExecutionTime = 6.68016 s  ClockTime = 7 s

Courant Number mean: 0.209304 max: 0.584674
Time = 0.048s

smoothSolver:  Solving for Ux, Initial residual = 0.0235987, Final residual = 1.76152e-09, No Iterations 3
smoothSolver:  Solving for Uy, Initial residual = 0.0134384, Final residual = 2.19343e-09, No Iterations 3
smoothSolver:  Solving for Uz, Initial residual = 0.0134386, Final residual = 2.13171e-09, No Iterations 3
GAMG:  Solving for p, Initial residual = 0.0389637, Final residual = 0.000235609, No Iterations 3
time step continuity errors : sum local = 1.13524e-07, global = -1.45762e-08
GAMG:  Solving for p, Initial residual = 0.029924, Final residual = 2.16713e-08, No Iterations 10
time step continuity errors : sum local = 9.32846e-12, global = 2.86131e-12, cumulative = 9.98937e-10
ExecutionTime = 6.83406 s  ClockTime = 7 s

Courant Number mean: 0.209662 max: 0.586609
Time = 0.049s

smoothSolver:  Solving for Ux, Initial residual = 0.0208991, Final residual = 1.68115e-09, No Iterations 3
smoothSolver:  Solving for Uy, Initial residual = 0.0132103, Final residual = 2.20723e-09, No Iterations 3
smoothSolver:  Solving for Uz, Initial residual = 0.0132104, Final residual = 2.15452e-09, No Iterations 3
GAMG:  Solving for p, Initial residual = 0.0437991, Final residual = 0.000256014, No Iterations 3
time step continuity errors : sum local = 1.10971e-07, global = -1.1472e-08
GAMG:  Solving for p, Initial residual = 0.0341539, Final residual = 2.55514e-08, No Iterations 10
time step continuity errors : sum local = 9.72526e-12, global = 3.01116e-12, cumulative = 1.00195e-09
ExecutionTime = 6.98818 s  ClockTime = 7 s

Courant Number mean: 0.209987 max: 0.588129
Time = 0.05s

smoothSolver:  Solving for Ux, Initial residual = 0.018328, Final residual = 1.61128e-09, No Iterations 3
smoothSolver:  Solving for Uy, Initial residual = 0.0129908, Final residual = 2.21353e-09, No Iterations 3
smoothSolver:  Solving for Uz, Initial residual = 0.0129909, Final residual = 2.17464e-09, No Iterations 3
GAMG:  Solving for p, Initial residual = 0.0498723, Final residual = 0.000275525, No Iterations 3
time step continuity errors : sum local = 1.05614e-07, global = -7.00816e-09
GAMG:  Solving for p, Initial residual = 0.0398107, Final residual = 3.46555e-08, No Iterations 10
time step continuity errors : sum local = 1.13961e-11, global = 4.0154e-12, cumulative = 1.00596e-09
ExecutionTime = 7.13258 s  ClockTime = 7 s

Courant Number mean: 0.210281 max: 0.589284
Time = 0.051s

smoothSolver:  Solving for Ux, Initial residual = 0.0158884, Final residual = 1.54885e-09, No Iterations 3
smoothSolver:  Solving for Uy, Initial residual = 0.012776, Final residual = 2.22212e-09, No Iterations 3
smoothSolver:  Solving for Uz, Initial residual = 0.0127761, Final residual = 2.19372e-09, No Iterations 3
GAMG:  Solving for p, Initial residual = 0.0581521, Final residual = 0.000300775, No Iterations 3
time step continuity errors : sum local = 9.96757e-08, global = -1.33726e-09
GAMG:  Solving for p, Initial residual = 0.047918, Final residual = 6.9343e-08, No Iterations 10
time step continuity errors : sum local = 1.91009e-11, global = 1.18606e-11, cumulative = 1.01782e-09
ExecutionTime = 7.24395 s  ClockTime = 7 s

Courant Number mean: 0.210543 max: 0.590149
Time = 0.052s

smoothSolver:  Solving for Ux, Initial residual = 0.0135735, Final residual = 1.51171e-09, No Iterations 3
smoothSolver:  Solving for Uy, Initial residual = 0.0125696, Final residual = 2.23608e-09, No Iterations 3
smoothSolver:  Solving for Uz, Initial residual = 0.0125697, Final residual = 2.21091e-09, No Iterations 3
GAMG:  Solving for p, Initial residual = 0.0696694, Final residual = 0.000336304, No Iterations 3
time step continuity errors : sum local = 9.35329e-08, global = 4.3541e-09
GAMG:  Solving for p, Initial residual = 0.0436102, Final residual = 4.38158e-08, No Iterations 9
time step continuity errors : sum local = 1.33395e-11, global = 1.26608e-12, cumulative = 1.01909e-09
ExecutionTime = 7.35116 s  ClockTime = 7 s

Courant Number mean: 0.210772 max: 0.590783
Time = 0.053s

smoothSolver:  Solving for Ux, Initial residual = 0.0151705, Final residual = 1.55669e-09, No Iterations 3
smoothSolver:  Solving for Uy, Initial residual = 0.0123617, Final residual = 2.2516e-09, No Iterations 3
smoothSolver:  Solving for Uz, Initial residual = 0.0123618, Final residual = 2.22352e-09, No Iterations 3
GAMG:  Solving for p, Initial residual = 0.0645691, Final residual = 0.000297288, No Iterations 3
time step continuity errors : sum local = 9.05831e-08, global = 8.14015e-09
GAMG:  Solving for p, Initial residual = 0.0368818, Final residual = 2.68856e-08, No Iterations 9
time step continuity errors : sum local = 9.83159e-12, global = 1.31325e-12, cumulative = 1.0204e-09
ExecutionTime = 7.45821 s  ClockTime = 7 s

Courant Number mean: 0.210969 max: 0.591227
Time = 0.054s

smoothSolver:  Solving for Ux, Initial residual = 0.018596, Final residual = 1.69531e-09, No Iterations 3
smoothSolver:  Solving for Uy, Initial residual = 0.0121794, Final residual = 2.2669e-09, No Iterations 3
smoothSolver:  Solving for Uz, Initial residual = 0.0121795, Final residual = 2.23155e-09, No Iterations 3
GAMG:  Solving for p, Initial residual = 0.0541858, Final residual = 0.000241284, No Iterations 3
time step continuity errors : sum local = 8.82587e-08, global = 1.06651e-08
GAMG:  Solving for p, Initial residual = 0.0317783, Final residual = 2.34099e-08, No Iterations 9
time step continuity errors : sum local = 9.99685e-12, global = 2.5173e-12, cumulative = 1.02292e-09
ExecutionTime = 7.56595 s  ClockTime = 8 s

Courant Number mean: 0.211133 max: 0.591535
Time = 0.055s

smoothSolver:  Solving for Ux, Initial residual = 0.0219505, Final residual = 1.86729e-09, No Iterations 3
smoothSolver:  Solving for Uy, Initial residual = 0.0120113, Final residual = 2.28361e-09, No Iterations 3
smoothSolver:  Solving for Uz, Initial residual = 0.0120114, Final residual = 2.24033e-09, No Iterations 3
GAMG:  Solving for p, Initial residual = 0.0466018, Final residual = 0.000200784, No Iterations 3
time step continuity errors : sum local = 8.5749e-08, global = 1.19009e-08
GAMG:  Solving for p, Initial residual = 0.0279078, Final residual = 9.349e-08, No Iterations 8
time step continuity errors : sum local = 4.56429e-11, global = 5.06989e-12, cumulative = 1.02799e-09
ExecutionTime = 7.69291 s  ClockTime = 8 s

Courant Number mean: 0.211263 max: 0.592108
Time = 0.056s

smoothSolver:  Solving for Ux, Initial residual = 0.0252469, Final residual = 2.06205e-09, No Iterations 3
smoothSolver:  Solving for Uy, Initial residual = 0.0118466, Final residual = 2.29072e-09, No Iterations 3
smoothSolver:  Solving for Uz, Initial residual = 0.0118467, Final residual = 2.24704e-09, No Iterations 3
GAMG:  Solving for p, Initial residual = 0.041333, Final residual = 0.000169047, No Iterations 3
time step continuity errors : sum local = 8.26322e-08, global = 1.18465e-08
GAMG:  Solving for p, Initial residual = 0.0251644, Final residual = 7.71216e-08, No Iterations 8
time step continuity errors : sum local = 4.23971e-11, global = 5.1674e-12, cumulative = 1.03316e-09
ExecutionTime = 7.80757 s  ClockTime = 8 s

Courant Number mean: 0.211361 max: 0.593595
Time = 0.057s

smoothSolver:  Solving for Ux, Initial residual = 0.0284423, Final residual = 2.2746e-09, No Iterations 3
smoothSolver:  Solving for Uy, Initial residual = 0.0116776, Final residual = 2.29062e-09, No Iterations 3
smoothSolver:  Solving for Uz, Initial residual = 0.0116776, Final residual = 2.25076e-09, No Iterations 3
GAMG:  Solving for p, Initial residual = 0.0379342, Final residual = 0.000141567, No Iterations 3
time step continuity errors : sum local = 7.79136e-08, global = 1.1049e-08
GAMG:  Solving for p, Initial residual = 0.0233772, Final residual = 5.95679e-08, No Iterations 8
time step continuity errors : sum local = 3.63897e-11, global = 4.65372e-12, cumulative = 1.03781e-09
ExecutionTime = 7.91933 s  ClockTime = 8 s

Courant Number mean: 0.211428 max: 0.594657
Time = 0.058s

smoothSolver:  Solving for Ux, Initial residual = 0.0315137, Final residual = 2.48812e-09, No Iterations 3
smoothSolver:  Solving for Uy, Initial residual = 0.0115072, Final residual = 2.28561e-09, No Iterations 3
smoothSolver:  Solving for Uz, Initial residual = 0.0115073, Final residual = 2.2557e-09, No Iterations 3
GAMG:  Solving for p, Initial residual = 0.0340039, Final residual = 0.000121644, No Iterations 3
time step continuity errors : sum local = 7.42962e-08, global = 9.15799e-09
GAMG:  Solving for p, Initial residual = 0.0211941, Final residual = 5.00712e-08, No Iterations 8
time step continuity errors : sum local = 3.35815e-11, global = 4.15102e-12, cumulative = 1.04196e-09
ExecutionTime = 8.02618 s  ClockTime = 8 s

Courant Number mean: 0.211464 max: 0.595352
Time = 0.059s

smoothSolver:  Solving for Ux, Initial residual = 0.0344331, Final residual = 2.72077e-09, No Iterations 3
smoothSolver:  Solving for Uy, Initial residual = 0.0113365, Final residual = 2.27726e-09, No Iterations 3
smoothSolver:  Solving for Uz, Initial residual = 0.0113366, Final residual = 2.25807e-09, No Iterations 3
GAMG:  Solving for p, Initial residual = 0.0312754, Final residual = 0.000101048, No Iterations 3
time step continuity errors : sum local = 6.77883e-08, global = 8.006e-09
GAMG:  Solving for p, Initial residual = 0.0196569, Final residual = 3.35146e-08, No Iterations 8
time step continuity errors : sum local = 2.44687e-11, global = 2.26394e-12, cumulative = 1.04423e-09
ExecutionTime = 8.16825 s  ClockTime = 8 s

Courant Number mean: 0.211468 max: 0.595754
Time = 0.06s

smoothSolver:  Solving for Ux, Initial residual = 0.0372236, Final residual = 2.94628e-09, No Iterations 3
smoothSolver:  Solving for Uy, Initial residual = 0.011162, Final residual = 2.27051e-09, No Iterations 3
smoothSolver:  Solving for Uz, Initial residual = 0.0111621, Final residual = 2.2563e-09, No Iterations 3
GAMG:  Solving for p, Initial residual = 0.0295703, Final residual = 8.81413e-05, No Iterations 3
time step continuity errors : sum local = 6.43626e-08, global = 5.56812e-09
GAMG:  Solving for p, Initial residual = 0.0187242, Final residual = 2.94931e-08, No Iterations 8
time step continuity errors : sum local = 2.32639e-11, global = 3.64266e-12, cumulative = 1.04787e-09
ExecutionTime = 8.35567 s  ClockTime = 8 s

Courant Number mean: 0.211441 max: 0.596434
Time = 0.061s

smoothSolver:  Solving for Ux, Initial residual = 0.0398959, Final residual = 3.18346e-09, No Iterations 3
smoothSolver:  Solving for Uy, Initial residual = 0.0109962, Final residual = 2.26301e-09, No Iterations 3
smoothSolver:  Solving for Uz, Initial residual = 0.0109963, Final residual = 2.25251e-09, No Iterations 3
GAMG:  Solving for p, Initial residual = 0.0272535, Final residual = 7.84889e-05, No Iterations 3
time step continuity errors : sum local = 6.19097e-08, global = 3.31128e-09
GAMG:  Solving for p, Initial residual = 0.0173506, Final residual = 2.67264e-08, No Iterations 8
time step continuity errors : sum local = 2.26293e-11, global = 3.43097e-12, cumulative = 1.0513e-09
ExecutionTime = 8.46078 s  ClockTime = 8 s

Courant Number mean: 0.211382 max: 0.596872
Time = 0.062s

smoothSolver:  Solving for Ux, Initial residual = 0.0424524, Final residual = 3.41842e-09, No Iterations 3
smoothSolver:  Solving for Uy, Initial residual = 0.0108481, Final residual = 2.25971e-09, No Iterations 3
smoothSolver:  Solving for Uz, Initial residual = 0.0108482, Final residual = 2.24623e-09, No Iterations 3
GAMG:  Solving for p, Initial residual = 0.0258224, Final residual = 7.13232e-05, No Iterations 3
time step continuity errors : sum local = 6.04096e-08, global = 2.61248e-09
GAMG:  Solving for p, Initial residual = 0.0165533, Final residual = 8.65581e-08, No Iterations 7
time step continuity errors : sum local = 7.82631e-11, global = 7.95701e-12, cumulative = 1.05926e-09
ExecutionTime = 8.56166 s  ClockTime = 9 s

Courant Number mean: 0.21129 max: 0.597115
Time = 0.063s

smoothSolver:  Solving for Ux, Initial residual = 0.0448966, Final residual = 3.65944e-09, No Iterations 3
smoothSolver:  Solving for Uy, Initial residual = 0.0107113, Final residual = 2.25957e-09, No Iterations 3
smoothSolver:  Solving for Uz, Initial residual = 0.0107114, Final residual = 2.24006e-09, No Iterations 3
GAMG:  Solving for p, Initial residual = 0.0239304, Final residual = 6.76115e-05, No Iterations 3
time step continuity errors : sum local = 6.11281e-08, global = 2.82909e-09
GAMG:  Solving for p, Initial residual = 0.0153861, Final residual = 7.21863e-08, No Iterations 7
time step continuity errors : sum local = 6.93485e-11, global = 7.96431e-12, cumulative = 1.06722e-09
ExecutionTime = 8.66374 s  ClockTime = 9 s

Courant Number mean: 0.211167 max: 0.597213
Time = 0.064s

smoothSolver:  Solving for Ux, Initial residual = 0.0472409, Final residual = 3.90435e-09, No Iterations 3
smoothSolver:  Solving for Uy, Initial residual = 0.0105738, Final residual = 2.25467e-09, No Iterations 3
smoothSolver:  Solving for Uz, Initial residual = 0.0105739, Final residual = 2.2309e-09, No Iterations 3
GAMG:  Solving for p, Initial residual = 0.0233156, Final residual = 6.48419e-05, No Iterations 3
time step continuity errors : sum local = 6.23469e-08, global = 4.54362e-09
GAMG:  Solving for p, Initial residual = 0.0150608, Final residual = 6.84227e-08, No Iterations 7
time step continuity errors : sum local = 6.96149e-11, global = 5.69953e-12, cumulative = 1.07292e-09
ExecutionTime = 8.76673 s  ClockTime = 9 s

Courant Number mean: 0.211013 max: 0.597207
Time = 0.065s

smoothSolver:  Solving for Ux, Initial residual = 0.049502, Final residual = 4.14575e-09, No Iterations 3
smoothSolver:  Solving for Uy, Initial residual = 0.0104422, Final residual = 2.24247e-09, No Iterations 3
smoothSolver:  Solving for Uz, Initial residual = 0.0104423, Final residual = 2.22159e-09, No Iterations 3
GAMG:  Solving for p, Initial residual = 0.0219655, Final residual = 6.4905e-05, No Iterations 3
time step continuity errors : sum local = 6.6086e-08, global = 7.04398e-09
GAMG:  Solving for p, Initial residual = 0.0142352, Final residual = 6.75439e-08, No Iterations 7
time step continuity errors : sum local = 7.24951e-11, global = 7.51122e-12, cumulative = 1.08043e-09
ExecutionTime = 8.87048 s  ClockTime = 9 s

Courant Number mean: 0.210832 max: 0.597124
Time = 0.066s

smoothSolver:  Solving for Ux, Initial residual = 0.0516471, Final residual = 4.38406e-09, No Iterations 3
smoothSolver:  Solving for Uy, Initial residual = 0.0103029, Final residual = 2.22838e-09, No Iterations 3
smoothSolver:  Solving for Uz, Initial residual = 0.0103031, Final residual = 2.21264e-09, No Iterations 3
GAMG:  Solving for p, Initial residual = 0.0210096, Final residual = 6.36205e-05, No Iterations 3
time step continuity errors : sum local = 6.83048e-08, global = 1.03377e-08
GAMG:  Solving for p, Initial residual = 0.013657, Final residual = 6.83536e-08, No Iterations 7
time step continuity errors : sum local = 7.70885e-11, global = 4.113e-12, cumulative = 1.08455e-09
ExecutionTime = 9.00034 s  ClockTime = 9 s

Courant Number mean: 0.210622 max: 0.596988
Time = 0.067s

smoothSolver:  Solving for Ux, Initial residual = 0.0536882, Final residual = 4.62161e-09, No Iterations 3
smoothSolver:  Solving for Uy, Initial residual = 0.0101578, Final residual = 2.21031e-09, No Iterations 3
smoothSolver:  Solving for Uz, Initial residual = 0.0101579, Final residual = 2.2008e-09, No Iterations 3
GAMG:  Solving for p, Initial residual = 0.0205192, Final residual = 6.15117e-05, No Iterations 3
time step continuity errors : sum local = 6.9417e-08, global = 1.35875e-08
GAMG:  Solving for p, Initial residual = 0.0133905, Final residual = 6.49112e-08, No Iterations 7
time step continuity errors : sum local = 7.67043e-11, global = 1.53349e-11, cumulative = 1.09988e-09
ExecutionTime = 9.14349 s  ClockTime = 9 s

Courant Number mean: 0.210382 max: 0.597279
Time = 0.068s

smoothSolver:  Solving for Ux, Initial residual = 0.0556244, Final residual = 4.85678e-09, No Iterations 3
smoothSolver:  Solving for Uy, Initial residual = 0.0100178, Final residual = 2.19207e-09, No Iterations 3
smoothSolver:  Solving for Uz, Initial residual = 0.0100179, Final residual = 2.18523e-09, No Iterations 3
GAMG:  Solving for p, Initial residual = 0.0195686, Final residual = 6.06645e-05, No Iterations 3
time step continuity errors : sum local = 7.17327e-08, global = 1.59705e-08
GAMG:  Solving for p, Initial residual = 0.012798, Final residual = 7.10827e-08, No Iterations 7
time step continuity errors : sum local = 8.77574e-11, global = 1.56727e-11, cumulative = 1.11555e-09
ExecutionTime = 9.28729 s  ClockTime = 9 s

Courant Number mean: 0.210113 max: 0.597475
Time = 0.069s

smoothSolver:  Solving for Ux, Initial residual = 0.0574592, Final residual = 5.08528e-09, No Iterations 3
smoothSolver:  Solving for Uy, Initial residual = 0.00988444, Final residual = 2.17283e-09, No Iterations 3
smoothSolver:  Solving for Uz, Initial residual = 0.00988453, Final residual = 2.16915e-09, No Iterations 3
GAMG:  Solving for p, Initial residual = 0.019069, Final residual = 5.78043e-05, No Iterations 3
time step continuity errors : sum local = 7.14229e-08, global = 1.78921e-08
GAMG:  Solving for p, Initial residual = 0.0125053, Final residual = 8.54931e-08, No Iterations 7
time step continuity errors : sum local = 1.10013e-10, global = 1.37759e-11, cumulative = 1.12933e-09
ExecutionTime = 9.43549 s  ClockTime = 9 s

Courant Number mean: 0.209815 max: 0.59744
Time = 0.07s

smoothSolver:  Solving for Ux, Initial residual = 0.0591852, Final residual = 5.31271e-09, No Iterations 3
smoothSolver:  Solving for Uy, Initial residual = 0.00976193, Final residual = 2.15809e-09, No Iterations 3
smoothSolver:  Solving for Uz, Initial residual = 0.00976202, Final residual = 2.15373e-09, No Iterations 3
GAMG:  Solving for p, Initial residual = 0.0182577, Final residual = 5.54437e-05, No Iterations 3
time step continuity errors : sum local = 7.1415e-08, global = 1.90218e-08
GAMG:  Solving for p, Initial residual = 0.0120015, Final residual = 9.12091e-08, No Iterations 7
time step continuity errors : sum local = 1.22063e-10, global = 1.50476e-11, cumulative = 1.14438e-09
ExecutionTime = 9.57857 s  ClockTime = 10 s

Courant Number mean: 0.209489 max: 0.597211
Time = 0.071s

smoothSolver:  Solving for Ux, Initial residual = 0.0608361, Final residual = 5.5338e-09, No Iterations 3
smoothSolver:  Solving for Uy, Initial residual = 0.00964107, Final residual = 2.14511e-09, No Iterations 3
smoothSolver:  Solving for Uz, Initial residual = 0.00964116, Final residual = 2.13716e-09, No Iterations 3
GAMG:  Solving for p, Initial residual = 0.0177146, Final residual = 5.22897e-05, No Iterations 3
time step continuity errors : sum local = 7.00485e-08, global = 1.95466e-08
GAMG:  Solving for p, Initial residual = 0.0116658, Final residual = 9.3661e-08, No Iterations 7
time step continuity errors : sum local = 1.30071e-10, global = 1.61183e-11, cumulative = 1.16049e-09
ExecutionTime = 9.72008 s  ClockTime = 10 s

Courant Number mean: 0.209134 max: 0.596837
Time = 0.072s

smoothSolver:  Solving for Ux, Initial residual = 0.0623986, Final residual = 5.74826e-09, No Iterations 3
smoothSolver:  Solving for Uy, Initial residual = 0.00952439, Final residual = 2.12761e-09, No Iterations 3
smoothSolver:  Solving for Uz, Initial residual = 0.00952448, Final residual = 2.1192e-09, No Iterations 3
GAMG:  Solving for p, Initial residual = 0.0172292, Final residual = 4.88855e-05, No Iterations 3
time step continuity errors : sum local = 6.79815e-08, global = 1.95208e-08
GAMG:  Solving for p, Initial residual = 0.0113633, Final residual = 9.36355e-08, No Iterations 7
time step continuity errors : sum local = 1.34709e-10, global = 1.77542e-11, cumulative = 1.17825e-09
ExecutionTime = 9.86174 s  ClockTime = 10 s

Courant Number mean: 0.208754 max: 0.596481
Time = 0.073s

smoothSolver:  Solving for Ux, Initial residual = 0.0638834, Final residual = 5.9528e-09, No Iterations 3
smoothSolver:  Solving for Uy, Initial residual = 0.00940808, Final residual = 2.11109e-09, No Iterations 3
smoothSolver:  Solving for Uz, Initial residual = 0.00940816, Final residual = 2.10109e-09, No Iterations 3
GAMG:  Solving for p, Initial residual = 0.016986, Final residual = 4.52063e-05, No Iterations 3
time step continuity errors : sum local = 6.51103e-08, global = 1.87788e-08
GAMG:  Solving for p, Initial residual = 0.0112374, Final residual = 9.00482e-08, No Iterations 7
time step continuity errors : sum local = 1.33919e-10, global = 2.07367e-11, cumulative = 1.19899e-09
ExecutionTime = 9.98653 s  ClockTime = 10 s

Courant Number mean: 0.20835 max: 0.596355
Time = 0.074s

smoothSolver:  Solving for Ux, Initial residual = 0.0652595, Final residual = 6.15433e-09, No Iterations 3
smoothSolver:  Solving for Uy, Initial residual = 0.00929104, Final residual = 2.09346e-09, No Iterations 3
smoothSolver:  Solving for Uz, Initial residual = 0.00929113, Final residual = 2.0856e-09, No Iterations 3
GAMG:  Solving for p, Initial residual = 0.0166645, Final residual = 4.17883e-05, No Iterations 3
time step continuity errors : sum local = 6.22044e-08, global = 1.73695e-08
GAMG:  Solving for p, Initial residual = 0.0110378, Final residual = 8.19179e-08, No Iterations 7
time step continuity errors : sum local = 1.25687e-10, global = 2.53135e-11, cumulative = 1.2243e-09
ExecutionTime = 10.0891 s  ClockTime = 10 s

Courant Number mean: 0.207919 max: 0.596124
Time = 0.075s

smoothSolver:  Solving for Ux, Initial residual = 0.0665368, Final residual = 6.3491e-09, No Iterations 3
smoothSolver:  Solving for Uy, Initial residual = 0.00917818, Final residual = 2.0703e-09, No Iterations 3
smoothSolver:  Solving for Uz, Initial residual = 0.00917827, Final residual = 2.06648e-09, No Iterations 3
GAMG:  Solving for p, Initial residual = 0.0160616, Final residual = 3.91573e-05, No Iterations 3
time step continuity errors : sum local = 6.01485e-08, global = 1.58298e-08
GAMG:  Solving for p, Initial residual = 0.0106535, Final residual = 7.35419e-08, No Iterations 7
time step continuity errors : sum local = 1.16241e-10, global = 2.77465e-11, cumulative = 1.25205e-09
ExecutionTime = 10.1926 s  ClockTime = 10 s

Courant Number mean: 0.207466 max: 0.595817
Time = 0.076s

smoothSolver:  Solving for Ux, Initial residual = 0.0677117, Final residual = 6.53519e-09, No Iterations 3
smoothSolver:  Solving for Uy, Initial residual = 0.00906484, Final residual = 2.04617e-09, No Iterations 3
smoothSolver:  Solving for Uz, Initial residual = 0.00906493, Final residual = 2.04541e-09, No Iterations 3
GAMG:  Solving for p, Initial residual = 0.0156714, Final residual = 3.67647e-05, No Iterations 3
time step continuity errors : sum local = 5.81626e-08, global = 1.39532e-08
GAMG:  Solving for p, Initial residual = 0.0104169, Final residual = 6.34812e-08, No Iterations 7
time step continuity errors : sum local = 1.03175e-10, global = 2.88582e-11, cumulative = 1.2809e-09
ExecutionTime = 10.2956 s  ClockTime = 10 s

Courant Number mean: 0.206987 max: 0.59548
Time = 0.077s

smoothSolver:  Solving for Ux, Initial residual = 0.0687803, Final residual = 6.71185e-09, No Iterations 3
smoothSolver:  Solving for Uy, Initial residual = 0.00895091, Final residual = 2.02245e-09, No Iterations 3
smoothSolver:  Solving for Uz, Initial residual = 0.008951, Final residual = 2.02585e-09, No Iterations 3
GAMG:  Solving for p, Initial residual = 0.0155222, Final residual = 3.44726e-05, No Iterations 3
time step continuity errors : sum local = 5.60654e-08, global = 1.12889e-08
GAMG:  Solving for p, Initial residual = 0.0103295, Final residual = 5.00649e-08, No Iterations 7
time step continuity errors : sum local = 8.35238e-11, global = 2.61001e-11, cumulative = 1.307e-09
ExecutionTime = 10.3978 s  ClockTime = 10 s

Courant Number mean: 0.206485 max: 0.595126
Time = 0.078s

smoothSolver:  Solving for Ux, Initial residual = 0.0697806, Final residual = 6.88036e-09, No Iterations 3
smoothSolver:  Solving for Uy, Initial residual = 0.0088457, Final residual = 2.00055e-09, No Iterations 3
smoothSolver:  Solving for Uz, Initial residual = 0.00884579, Final residual = 2.00584e-09, No Iterations 3
GAMG:  Solving for p, Initial residual = 0.0151656, Final residual = 3.34481e-05, No Iterations 3
time step continuity errors : sum local = 5.58525e-08, global = 8.51757e-09
GAMG:  Solving for p, Initial residual = 0.0101056, Final residual = 4.5745e-08, No Iterations 7
time step continuity errors : sum local = 7.82427e-11, global = 1.39832e-11, cumulative = 1.32099e-09
ExecutionTime = 10.4995 s  ClockTime = 10 s

Courant Number mean: 0.205957 max: 0.594755
Time = 0.079s

smoothSolver:  Solving for Ux, Initial residual = 0.0707068, Final residual = 7.03709e-09, No Iterations 3
smoothSolver:  Solving for Uy, Initial residual = 0.00874536, Final residual = 1.97931e-09, No Iterations 3
smoothSolver:  Solving for Uz, Initial residual = 0.00874545, Final residual = 1.98714e-09, No Iterations 3
GAMG:  Solving for p, Initial residual = 0.0149164, Final residual = 3.43634e-05, No Iterations 3
time step continuity errors : sum local = 5.88392e-08, global = 5.76339e-09
GAMG:  Solving for p, Initial residual = 0.00995214, Final residual = 4.51714e-08, No Iterations 7
time step continuity errors : sum local = 7.91143e-11, global = 1.0435e-11, cumulative = 1.33142e-09
ExecutionTime = 10.6032 s  ClockTime = 11 s

Courant Number mean: 0.205409 max: 0.594367
Time = 0.08s

smoothSolver:  Solving for Ux, Initial residual = 0.0715482, Final residual = 7.18239e-09, No Iterations 3
smoothSolver:  Solving for Uy, Initial residual = 0.00864666, Final residual = 1.95698e-09, No Iterations 3
smoothSolver:  Solving for Uz, Initial residual = 0.00864676, Final residual = 1.96556e-09, No Iterations 3
GAMG:  Solving for p, Initial residual = 0.014594, Final residual = 3.66374e-05, No Iterations 3
time step continuity errors : sum local = 6.42369e-08, global = 2.7526e-09
GAMG:  Solving for p, Initial residual = 0.00974727, Final residual = 6.17702e-08, No Iterations 7
time step continuity errors : sum local = 1.10644e-10, global = -3.17898e-14, cumulative = 1.33139e-09
ExecutionTime = 10.7798 s  ClockTime = 11 s

Courant Number mean: 0.204842 max: 0.593973
Time = 0.081s

smoothSolver:  Solving for Ux, Initial residual = 0.0723216, Final residual = 7.32569e-09, No Iterations 3
smoothSolver:  Solving for Uy, Initial residual = 0.00853888, Final residual = 1.93542e-09, No Iterations 3
smoothSolver:  Solving for Uz, Initial residual = 0.00853899, Final residual = 1.94429e-09, No Iterations 3
GAMG:  Solving for p, Initial residual = 0.0145398, Final residual = 3.76182e-05, No Iterations 3
time step continuity errors : sum local = 6.74322e-08, global = -1.92924e-10
GAMG:  Solving for p, Initial residual = 0.00973234, Final residual = 9.21395e-08, No Iterations 7
time step continuity errors : sum local = 1.68507e-10, global = -2.221e-11, cumulative = 1.30918e-09
ExecutionTime = 10.8824 s  ClockTime = 11 s

Courant Number mean: 0.204252 max: 0.593575
Time = 0.082s

smoothSolver:  Solving for Ux, Initial residual = 0.0729979, Final residual = 7.45617e-09, No Iterations 3
smoothSolver:  Solving for Uy, Initial residual = 0.00843853, Final residual = 1.91204e-09, No Iterations 3
smoothSolver:  Solving for Uz, Initial residual = 0.00843864, Final residual = 1.92176e-09, No Iterations 3
GAMG:  Solving for p, Initial residual = 0.0145162, Final residual = 3.69739e-05, No Iterations 3
time step continuity errors : sum local = 6.76963e-08, global = 7.23787e-10
GAMG:  Solving for p, Initial residual = 0.00972105, Final residual = 8.91727e-08, No Iterations 7
time step continuity errors : sum local = 1.66374e-10, global = -1.95981e-11, cumulative = 1.28958e-09
ExecutionTime = 10.9848 s  ClockTime = 11 s

Courant Number mean: 0.203644 max: 0.593166
Time = 0.083s

smoothSolver:  Solving for Ux, Initial residual = 0.0735791, Final residual = 7.57328e-09, No Iterations 3
smoothSolver:  Solving for Uy, Initial residual = 0.00833526, Final residual = 1.88793e-09, No Iterations 3
smoothSolver:  Solving for Uz, Initial residual = 0.00833537, Final residual = 1.90138e-09, No Iterations 3
GAMG:  Solving for p, Initial residual = 0.0140468, Final residual = 3.57817e-05, No Iterations 3
time step continuity errors : sum local = 6.68333e-08, global = 2.95192e-09
GAMG:  Solving for p, Initial residual = 0.00941718, Final residual = 6.45716e-08, No Iterations 7
time step continuity errors : sum local = 1.22759e-10, global = 1.90647e-13, cumulative = 1.28977e-09
ExecutionTime = 11.0928 s  ClockTime = 11 s

Courant Number mean: 0.203018 max: 0.592732
Time = 0.084s

smoothSolver:  Solving for Ux, Initial residual = 0.0740657, Final residual = 7.68081e-09, No Iterations 3
smoothSolver:  Solving for Uy, Initial residual = 0.00823425, Final residual = 1.86249e-09, No Iterations 3
smoothSolver:  Solving for Uz, Initial residual = 0.00823437, Final residual = 1.8764e-09, No Iterations 3
GAMG:  Solving for p, Initial residual = 0.0138599, Final residual = 3.33872e-05, No Iterations 3
time step continuity errors : sum local = 6.35205e-08, global = 6.18424e-09
GAMG:  Solving for p, Initial residual = 0.00930066, Final residual = 4.43302e-08, No Iterations 7
time step continuity errors : sum local = 8.57412e-11, global = 2.37131e-11, cumulative = 1.31349e-09
ExecutionTime = 11.2012 s  ClockTime = 11 s

Courant Number mean: 0.202374 max: 0.592273
Time = 0.085s

smoothSolver:  Solving for Ux, Initial residual = 0.0744607, Final residual = 7.78048e-09, No Iterations 3
smoothSolver:  Solving for Uy, Initial residual = 0.00813966, Final residual = 1.8359e-09, No Iterations 3
smoothSolver:  Solving for Uz, Initial residual = 0.00813977, Final residual = 1.85202e-09, No Iterations 3
GAMG:  Solving for p, Initial residual = 0.0136568, Final residual = 3.19402e-05, No Iterations 3
time step continuity errors : sum local = 6.1837e-08, global = 9.37477e-09
GAMG:  Solving for p, Initial residual = 0.00918078, Final residual = 4.88612e-08, No Iterations 7
time step continuity errors : sum local = 9.60502e-11, global = 2.86768e-11, cumulative = 1.34216e-09
ExecutionTime = 11.3334 s  ClockTime = 11 s

Courant Number mean: 0.201712 max: 0.591783
Time = 0.086s

smoothSolver:  Solving for Ux, Initial residual = 0.0747939, Final residual = 7.86602e-09, No Iterations 3
smoothSolver:  Solving for Uy, Initial residual = 0.0080463, Final residual = 1.8112e-09, No Iterations 3
smoothSolver:  Solving for Uz, Initial residual = 0.00804641, Final residual = 1.8286e-09, No Iterations 3
GAMG:  Solving for p, Initial residual = 0.0137341, Final residual = 3.12165e-05, No Iterations 3
time step continuity errors : sum local = 6.14401e-08, global = 1.3052e-08
GAMG:  Solving for p, Initial residual = 0.00924519, Final residual = 5.23107e-08, No Iterations 7
time step continuity errors : sum local = 1.04419e-10, global = 3.33552e-11, cumulative = 1.37552e-09
ExecutionTime = 11.4733 s  ClockTime = 11 s

Courant Number mean: 0.201035 max: 0.591257
Time = 0.087s

smoothSolver:  Solving for Ux, Initial residual = 0.0750547, Final residual = 7.94002e-09, No Iterations 3
smoothSolver:  Solving for Uy, Initial residual = 0.00795824, Final residual = 1.78585e-09, No Iterations 3
smoothSolver:  Solving for Uz, Initial residual = 0.00795834, Final residual = 1.80639e-09, No Iterations 3
GAMG:  Solving for p, Initial residual = 0.0134293, Final residual = 3.12834e-05, No Iterations 3
time step continuity errors : sum local = 6.25289e-08, global = 1.51569e-08
GAMG:  Solving for p, Initial residual = 0.00904154, Final residual = 5.31873e-08, No Iterations 7
time step continuity errors : sum local = 1.07715e-10, global = 3.44483e-11, cumulative = 1.40997e-09
ExecutionTime = 11.6153 s  ClockTime = 12 s

Courant Number mean: 0.200342 max: 0.590689
Time = 0.088s

smoothSolver:  Solving for Ux, Initial residual = 0.0752639, Final residual = 8.00873e-09, No Iterations 3
smoothSolver:  Solving for Uy, Initial residual = 0.00786957, Final residual = 1.76156e-09, No Iterations 3
smoothSolver:  Solving for Uz, Initial residual = 0.00786966, Final residual = 1.78386e-09, No Iterations 3
GAMG:  Solving for p, Initial residual = 0.0132741, Final residual = 3.11611e-05, No Iterations 3
time step continuity errors : sum local = 6.31826e-08, global = 1.73789e-08
GAMG:  Solving for p, Initial residual = 0.00895425, Final residual = 5.46095e-08, No Iterations 7
time step continuity errors : sum local = 1.12067e-10, global = 3.59372e-11, cumulative = 1.4459e-09
ExecutionTime = 11.7595 s  ClockTime = 12 s

Courant Number mean: 0.199634 max: 0.590077
Time = 0.089s

smoothSolver:  Solving for Ux, Initial residual = 0.0753967, Final residual = 8.06806e-09, No Iterations 3
smoothSolver:  Solving for Uy, Initial residual = 0.00777885, Final residual = 1.73869e-09, No Iterations 3
smoothSolver:  Solving for Uz, Initial residual = 0.00777894, Final residual = 1.75985e-09, No Iterations 3
GAMG:  Solving for p, Initial residual = 0.0133285, Final residual = 3.12131e-05, No Iterations 3
time step continuity errors : sum local = 6.4136e-08, global = 1.95377e-08
GAMG:  Solving for p, Initial residual = 0.00899478, Final residual = 5.67873e-08, No Iterations 7
time step continuity errors : sum local = 1.17974e-10, global = 3.62416e-11, cumulative = 1.48215e-09
ExecutionTime = 11.8993 s  ClockTime = 12 s

Courant Number mean: 0.198911 max: 0.589421
Time = 0.09s

smoothSolver:  Solving for Ux, Initial residual = 0.0754615, Final residual = 8.11313e-09, No Iterations 3
smoothSolver:  Solving for Uy, Initial residual = 0.00769179, Final residual = 1.71419e-09, No Iterations 3
smoothSolver:  Solving for Uz, Initial residual = 0.00769188, Final residual = 1.73576e-09, No Iterations 3
GAMG:  Solving for p, Initial residual = 0.0133666, Final residual = 3.19898e-05, No Iterations 3
time step continuity errors : sum local = 6.65667e-08, global = 2.1483e-08
GAMG:  Solving for p, Initial residual = 0.00903161, Final residual = 6.04804e-08, No Iterations 7
time step continuity errors : sum local = 1.27118e-10, global = 3.40343e-11, cumulative = 1.51618e-09
ExecutionTime = 12.0342 s  ClockTime = 12 s

Courant Number mean: 0.198176 max: 0.588722
Time = 0.091s

smoothSolver:  Solving for Ux, Initial residual = 0.0754246, Final residual = 8.14632e-09, No Iterations 3
smoothSolver:  Solving for Uy, Initial residual = 0.00760106, Final residual = 1.69041e-09, No Iterations 3
smoothSolver:  Solving for Uz, Initial residual = 0.00760114, Final residual = 1.71425e-09, No Iterations 3
GAMG:  Solving for p, Initial residual = 0.0132197, Final residual = 3.24542e-05, No Iterations 3
time step continuity errors : sum local = 6.83234e-08, global = 2.23331e-08
GAMG:  Solving for p, Initial residual = 0.00894855, Final residual = 6.48796e-08, No Iterations 7
time step continuity errors : sum local = 1.37836e-10, global = 3.248e-11, cumulative = 1.54866e-09
ExecutionTime = 12.1754 s  ClockTime = 12 s

Courant Number mean: 0.197432 max: 0.58798
Time = 0.092s

smoothSolver:  Solving for Ux, Initial residual = 0.0753216, Final residual = 8.17542e-09, No Iterations 3
smoothSolver:  Solving for Uy, Initial residual = 0.0075153, Final residual = 1.66468e-09, No Iterations 3
smoothSolver:  Solving for Uz, Initial residual = 0.00751538, Final residual = 1.68893e-09, No Iterations 3
GAMG:  Solving for p, Initial residual = 0.013064, Final residual = 3.31524e-05, No Iterations 3
time step continuity errors : sum local = 7.05335e-08, global = 2.25191e-08
GAMG:  Solving for p, Initial residual = 0.00885336, Final residual = 7.44765e-08, No Iterations 7
time step continuity errors : sum local = 1.5975e-10, global = 3.70924e-11, cumulative = 1.58575e-09
ExecutionTime = 12.3014 s  ClockTime = 12 s

Courant Number mean: 0.196678 max: 0.587199
Time = 0.093s

smoothSolver:  Solving for Ux, Initial residual = 0.0751749, Final residual = 8.19441e-09, No Iterations 3
smoothSolver:  Solving for Uy, Initial residual = 0.00743192, Final residual = 1.63862e-09, No Iterations 3
smoothSolver:  Solving for Uz, Initial residual = 0.007432, Final residual = 1.66323e-09, No Iterations 3
GAMG:  Solving for p, Initial residual = 0.012915, Final residual = 3.39148e-05, No Iterations 3
time step continuity errors : sum local = 7.285e-08, global = 2.14052e-08
GAMG:  Solving for p, Initial residual = 0.00875158, Final residual = 9.278e-08, No Iterations 7
time step continuity errors : sum local = 2.00741e-10, global = 6.14742e-11, cumulative = 1.64723e-09
ExecutionTime = 12.4025 s  ClockTime = 12 s

Courant Number mean: 0.195913 max: 0.586382
Time = 0.094s

smoothSolver:  Solving for Ux, Initial residual = 0.0749547, Final residual = 8.20017e-09, No Iterations 3
smoothSolver:  Solving for Uy, Initial residual = 0.00735019, Final residual = 1.61331e-09, No Iterations 3
smoothSolver:  Solving for Uz, Initial residual = 0.00735027, Final residual = 1.63915e-09, No Iterations 3
GAMG:  Solving for p, Initial residual = 0.0130313, Final residual = 3.47003e-05, No Iterations 3
time step continuity errors : sum local = 7.51965e-08, global = 1.84253e-08
GAMG:  Solving for p, Initial residual = 0.00883908, Final residual = 4.16592e-08, No Iterations 8
time step continuity errors : sum local = 9.08494e-11, global = -3.05094e-11, cumulative = 1.61672e-09
ExecutionTime = 12.506 s  ClockTime = 12 s

Courant Number mean: 0.19514 max: 0.585536
Time = 0.095s

smoothSolver:  Solving for Ux, Initial residual = 0.074676, Final residual = 8.19709e-09, No Iterations 3
smoothSolver:  Solving for Uy, Initial residual = 0.00727505, Final residual = 1.58777e-09, No Iterations 3
smoothSolver:  Solving for Uz, Initial residual = 0.00727513, Final residual = 1.61561e-09, No Iterations 3
GAMG:  Solving for p, Initial residual = 0.0129385, Final residual = 3.39375e-05, No Iterations 3
time step continuity errors : sum local = 7.41252e-08, global = 1.34388e-08
GAMG:  Solving for p, Initial residual = 0.00878087, Final residual = 3.71303e-08, No Iterations 8
time step continuity errors : sum local = 8.15488e-11, global = -1.02145e-11, cumulative = 1.6065e-09
ExecutionTime = 12.6085 s  ClockTime = 13 s

Courant Number mean: 0.19436 max: 0.584663
Time = 0.096s

smoothSolver:  Solving for Ux, Initial residual = 0.074362, Final residual = 8.18712e-09, No Iterations 3
smoothSolver:  Solving for Uy, Initial residual = 0.00719973, Final residual = 1.56308e-09, No Iterations 3
smoothSolver:  Solving for Uz, Initial residual = 0.00719981, Final residual = 1.59351e-09, No Iterations 3
GAMG:  Solving for p, Initial residual = 0.0129094, Final residual = 3.08527e-05, No Iterations 3
time step continuity errors : sum local = 6.78592e-08, global = 7.49113e-09
GAMG:  Solving for p, Initial residual = 0.00877773, Final residual = 4.25194e-08, No Iterations 7
time step continuity errors : sum local = 9.39663e-11, global = -3.96019e-12, cumulative = 1.60254e-09
ExecutionTime = 12.7095 s  ClockTime = 13 s

Courant Number mean: 0.193572 max: 0.583766
Time = 0.097s

smoothSolver:  Solving for Ux, Initial residual = 0.0739778, Final residual = 8.16705e-09, No Iterations 3
smoothSolver:  Solving for Uy, Initial residual = 0.00712019, Final residual = 1.54055e-09, No Iterations 3
smoothSolver:  Solving for Uz, Initial residual = 0.00712027, Final residual = 1.56962e-09, No Iterations 3
GAMG:  Solving for p, Initial residual = 0.013052, Final residual = 2.78243e-05, No Iterations 3
time step continuity errors : sum local = 6.1577e-08, global = 2.58508e-09
GAMG:  Solving for p, Initial residual = 0.00887278, Final residual = 5.59619e-08, No Iterations 7
time step continuity errors : sum local = 1.24327e-10, global = 4.42035e-13, cumulative = 1.60298e-09
ExecutionTime = 12.811 s  ClockTime = 13 s

Courant Number mean: 0.192779 max: 0.582852
Time = 0.098s

smoothSolver:  Solving for Ux, Initial residual = 0.0735379, Final residual = 8.13668e-09, No Iterations 3
smoothSolver:  Solving for Uy, Initial residual = 0.00704317, Final residual = 1.51833e-09, No Iterations 3
smoothSolver:  Solving for Uz, Initial residual = 0.00704325, Final residual = 1.5461e-09, No Iterations 3
GAMG:  Solving for p, Initial residual = 0.0131754, Final residual = 3.33433e-05, No Iterations 3
time step continuity errors : sum local = 7.41835e-08, global = 1.14928e-09
GAMG:  Solving for p, Initial residual = 0.00897288, Final residual = 7.28879e-08, No Iterations 7
time step continuity errors : sum local = 1.62659e-10, global = -1.20735e-11, cumulative = 1.59091e-09
ExecutionTime = 12.9134 s  ClockTime = 13 s

Courant Number mean: 0.19198 max: 0.581923
Time = 0.099s

smoothSolver:  Solving for Ux, Initial residual = 0.0730396, Final residual = 8.09959e-09, No Iterations 3
smoothSolver:  Solving for Uy, Initial residual = 0.00696548, Final residual = 1.49694e-09, No Iterations 3
smoothSolver:  Solving for Uz, Initial residual = 0.00696556, Final residual = 1.52366e-09, No Iterations 3
GAMG:  Solving for p, Initial residual = 0.0130503, Final residual = 4.0781e-05, No Iterations 3
time step continuity errors : sum local = 9.11556e-08, global = 4.94467e-09
GAMG:  Solving for p, Initial residual = 0.00889808, Final residual = 8.43181e-08, No Iterations 7
time step continuity errors : sum local = 1.88878e-10, global = -2.08555e-11, cumulative = 1.57005e-09
ExecutionTime = 13.0144 s  ClockTime = 13 s

Courant Number mean: 0.191179 max: 0.580981
Time = 0.1s

smoothSolver:  Solving for Ux, Initial residual = 0.0724759, Final residual = 8.05559e-09, No Iterations 3
smoothSolver:  Solving for Uy, Initial residual = 0.00689075, Final residual = 1.47384e-09, No Iterations 3
smoothSolver:  Solving for Uz, Initial residual = 0.00689083, Final residual = 1.50081e-09, No Iterations 3
GAMG:  Solving for p, Initial residual = 0.013134, Final residual = 4.81757e-05, No Iterations 3
time step continuity errors : sum local = 1.08088e-07, global = 1.42217e-08
GAMG:  Solving for p, Initial residual = 0.00897045, Final residual = 2.92175e-08, No Iterations 8
time step continuity errors : sum local = 6.56253e-11, global = 2.00651e-12, cumulative = 1.57206e-09
ExecutionTime = 13.1922 s  ClockTime = 13 s

End

